CUI		STR
C1571956	(Visual disturbances NOS) or (amblyopia) or (blurred vision)
C1571956	(Visual disturbances NOS) or (amblyopia) or (blurred vision) (disorder)
C2126075	bilateral blurred vision
C0344232	Blurred vision
C0344232	Blurred vision - hazy
C2673916	Blurred vision (early symptom)
C2220050	blurred vision as if looking through a glass of water
C2126075	blurred vision in both eyes
C2126074	blurred vision in left eye
C2126073	blurred vision in right eye
C0344232	Blurred vision NOS
C0344232	Blurred vision NOS (disorder)
C1843520	Blurred vision, episodic
C0344232	Blurred vision, NOS
C2220050	blurry vision as if looking through glass of water
C2220050	blurry vision as if looking through glass of water (symptom)
C2126075	blurry vision binocular
C2126075	blurry vision in both eyes
C2126075	blurry vision in both eyes (symptom)
C2126074	blurry vision in left eye
C2126074	blurry vision in left eye (symptom)
C2126073	blurry vision in right eye
C2126073	blurry vision in right eye (symptom)
C2126074	blurry vision in the left eye
C2126073	blurry vision in the right eye
C2126074	blurry vision left
C2126073	blurry vision right
C2126949	foggy central vision
C2126949	foggy central vision (symptom)
C2126950	foggy peripheral vision
C2126950	foggy peripheral vision (symptom)
C2126948	foggy vision binocular
C2126949	foggy vision centrally
C2126951	foggy vision clears with blinking or rubbing of eyes
C2126951	foggy vision clears with blinking or rubbing of eyes (symptom)
C2126954	foggy vision for distant objects
C2126954	foggy vision for distant objects (symptom)
C2126955	foggy vision for near objects
C2126955	foggy vision for nearby objects
C2126955	foggy vision for nearby objects (symptom)
C2126951	foggy vision goes away with blinking or rubbing eyes
C2126948	foggy vision in both eyes
C2126948	foggy vision in both eyes (symptom)
C2126949	foggy vision in central field of vision
C2126947	foggy vision in left eye
C2126947	foggy vision in left eye (symptom)
C2126950	foggy vision in peripheral field of vision
C2126946	foggy vision in right eye
C2126946	foggy vision in right eye (symptom)
C2126947	foggy vision left
C2126950	foggy vision peripherally
C2126946	foggy vision right
C2010780	foggy vision which is generalized
C2126952	foggy vision worse in morning
C2126952	foggy vision worse in morning (symptom)
C2010780	generalized foggy vision
C2010780	generalized foggy vision (symptom)


