C2945606	[D]Encopresis (situation)
C2945606	[D]Encopresis NOS
C2945606	[D]Encopresis NOS (context-dependent category)
C2945606	[D]Encopresis NOS (situation)
C0015732	[D]Incontinence of faeces
C0015732	[D]Incontinence of faeces (situation)
C0015732	[D]Incontinence of faeces NOS
C0015732	[D]Incontinence of faeces NOS (situation)
C0015732	[D]Incontinence of feces
C0015732	[D]Incontinence of feces (context-dependent category)
C0015732	[D]Incontinence of feces (situation)
C0015732	[D]Incontinence of feces NOS
C0015732	[D]Incontinence of feces NOS (situation)
C0347942	[D]Sphincter ani incontinence
C0347942	[D]Sphincter ani incontinence (context-dependent category)
C0347942	[D]Sphincter ani incontinence (situation)
C0015732	Alteration in bowel elimination: incontinence
C0015732	Bowel incontinence
C0579086	Bowel problem
C0579086	Bowel problem (finding)
C2186526	bowel problems
C0426636	bowel urgency
C0015732	Bowels: incontinent
C0429955	Bowels: occasional accident
C0429955	Bowels: occasional accident (finding)
C3874424	Complete faecal incontinence
C3874424	Complete fecal incontinence
C3874424	Complete fecal incontinence (finding)
C0426636	Defaecation urgency
C0426636	Defecation urgency
C0426636	defecation urgency (symptom)
C0401155	Double incont - urine + stool
C0401155	Double incontinence
C0401155	Double incontinence - urine and stool
C0401155	Double incontinence (finding)
C2945606	Encopresis
C0014089	encopresis
C0014089	encopresis (diagnosis)
C2945606	Encopresis (disorder)
C2945606	Encopresis (finding)
C2945606	Encopresis [D]
C2945606	Encopresis [D] (disorder)
C2945606	Encopresis [D] (situation)
C2945606	Encopresis NOS
C0236849	Encopresis with constipation and overflow incontinence
C0236849	encopresis with constipation and overflow incontinence (diagnosis)
C0236849	Encopresis with constipation AND overflow incontinence (disorder)
C0236849	Encopresis with constipation AND overflow incontinence (finding)
C0014089	Encopresis, NOS
C0474500	Faecal discharge
C0474500	Faecal fluid leakage
C0015732	FAECAL INCONTINENCE
C2585102	Faecal incontinence due to anorectal disorder
C0014089	Faecal incontinence not due to organic disease
C3874426	Faecal incontinence with faecal urgency
C3874425	Faecal incontinence with incomplete defaecation
C0344374	Faecal overflow
C0475363	Faecal smear
C0474500	Fecal discharge
C0474500	Fecal fluid leakage
C0474500	Fecal fluid leakage (finding)
C0015732	Fecal Incontinence
C2585102	Fecal incontinence due to anorectal disorder
C2585102	Fecal incontinence due to anorectal disorder (finding)
C0015732	Fecal incontinence NOS
C0014089	Fecal incontinence not due to organic disease
C3874426	Fecal incontinence with fecal urgency
C3874426	Fecal incontinence with fecal urgency (finding)
C2129634	fecal incontinence with formed stools
C3874425	Fecal incontinence with incomplete defecation
C3874425	Fecal incontinence with incomplete defecation (finding)
C2129633	fecal incontinence with soft stools
C0344374	Fecal overflow
C0475363	Fecal smear
C0475363	Fecal smear (specimen)
C0475363	Fecal smearing
C0426636	Fecal urgency
C0015732	Foecal incontinence
C2921132	Full incontinence of feces
C0014089	Functional encopresis
C0014089	Functional encopresis (disorder)
C0014089	Functional encopresis (disorder) [Ambiguous]
C0014089	Functional encopresis (finding)
C0014089	Functional encopresis, NOS
C4302239	Functional faecal incontinence
C4302239	Functional fecal incontinence
C4302239	Functional fecal incontinence (disorder)
C0232705	Idiopathic faecal incontinence
C0232705	Idiopathic fecal incontinence
C0232705	Idiopathic fecal incontinence (finding)
C0232705	Idiopathic incontinence
C0232705	IFI - Idiopath faecal incontin
C0232705	IFI - Idiopath fecal incontin
C0232705	IFI - Idiopathic faecal incontinence
C0232705	IFI - Idiopathic fecal incontinence
C0239167	Incomplete defecation
C0015732	Incontinence of faeces
C0015732	Incontinence of faeces (finding)
C0015732	Incontinence of faeces NOS
C0015732	Incontinence of feces
C0015732	Incontinence of feces (finding)
C0015732	Incontinence of feces NOS
C0014089	Incontinence of feces of nonorganic origin
C0015732	Incontinence-faeces-sym
C0015732	Incontinence-feces-sym
C0015732	Incontinent of bowels
C0015732	Incontinent of faeces
C0015732	Incontinent of faeces - finding
C0015732	Incontinent of faeces (& symptom)
C0015732	Incontinent of faeces (& symptom) (finding)
C0015732	Incontinent of faeces symptom
C0015732	Incontinent of feces
C0015732	Incontinent of feces - finding
C0015732	Incontinent of feces (& symptom)
C0015732	Incontinent of feces (finding)
C0015732	Incontinent of feces symptom
C0015732	incontinent of stool
C0015732	Involuntary stool
C0474500	Leaking of faeces
C0474500	Leaking of feces
C0474500	Leaking of feces (finding)
C0232705	Neurogenic incontinence
C0232705	Neurogenic incontinence (finding)
C0473136	Neuromyopathic faecal incont
C0473136	Neuromyopathic faecal incontinence
C0473136	Neuromyopathic fecal incont
C0473136	Neuromyopathic fecal incontinence
C0473136	Neuromyopathic fecal incontinence (finding)
C0014089	Non-organic encopresis
C0014089	Non-organic encopresis (disorder)
C0014089	Non-organic encopresis (finding)
C0014089	Non-organic encopresis NOS
C0014089	Non-organic encopresis NOS (disorder)
C0014089	Non-organic encopresis NOS (finding)
C4303076	Non-rententive faecal incontinence
C4303076	Non-retentive fecal incontinence
C4303076	Non-retentive fecal incontinence (finding)
C0014089	Nonorganic encopresis
C0344374	Overflow incontinence - faeces
C0344374	Overflow incontinence - feces
C0426636	Precipitancy of defaecation
C0426636	Precipitancy of defecation
C0014089	Psychogenic encopresis
C0015732	rectal discharge incontinent of stool
C0015732	rectal discharge incontinent of stool (physical finding)
C0426636	Rectal urgency
C2186526	reported prior bowel problem
C2186526	reported prior bowel problem (history)
C3836119	rnax notify of bowel problem
C3836119	rnax notify of bowel problem (treatment)
C0015732	rndx bowel incontinence
C0015732	rndx bowel incontinence (diagnosis)
C0347942	Sphincter ani incontinence
C0347942	Sphincter ani incontinence (finding)
C0344374	Spurious diarrhea - overflow
C0344374	Spurious diarrhea - overflow (finding)
C0344374	Spurious diarrhoea - overflow
C0344374	Spurious diarrhoea - overflow (finding)
C0015732	Stools.incontinent
C0401155	Total incontinence
C0015732	unable to restrain bowel movement
C0015732	unable to restrain bowel movement (symptom)
C2129634	unable to restrain bowel movement with formed stools
C2129634	unable to restrain bowel movement with formed stools (symptom)
C2129633	unable to restrain bowel movement with soft stools
C2129633	unable to restrain bowel movement with soft stools (symptom)
C0426636	Urgent desire for stool
C0426636	Urgent desire for stool (finding)

