C0477368	[X]Acute disseminated demyelination, unspecified
C0477368	[X]Acute disseminated demyelination, unspecified (disorder)
C0477367	[X]Other specified acute disseminated demyelination
C0477367	[X]Other specified acute disseminated demyelination (disorder)
C1832340	Abnormal brainstem auditory evoked potentials, suggesting demyelination
C4229496	Abnormal MRI findings
C3650496	acute disseminated demyelination
C3650496	acute disseminated demyelination (diagnosis)
C0477368	Acute disseminated demyelination, unspecified
C4314814	Bilateral hyperintense signals seen on MRI
C1859004	Biopsy shows white matter hypomyelination, demyelination, gliosis
C1849682	Brain imaging shows white-matter hypodensities and demyelination
C2238926	brain MRI T2-weighted SE hyperintense signal
C2238927	brain MRI T2-weighted SE hyperintense signal basal ganglia
C2238928	brain MRI T2-weighted SE hyperintense signal basal ganglia left
C2238929	brain MRI T2-weighted SE hyperintense signal basal ganglia right
C2238930	brain MRI T2-weighted SE hyperintense signal cerebellopontine angle
C2238931	brain MRI T2-weighted SE hyperintense signal cerebellopontine angle left
C2238932	brain MRI T2-weighted SE hyperintense signal cerebellopontine angle right
C2238933	brain MRI T2-weighted SE hyperintense signal cerebellum
C2238934	brain MRI T2-weighted SE hyperintense signal cerebellum left
C2238935	brain MRI T2-weighted SE hyperintense signal cerebellum midline
C2238936	brain MRI T2-weighted SE hyperintense signal cerebellum right
C2238937	brain MRI T2-weighted SE hyperintense signal clivus
C2238938	brain MRI T2-weighted SE hyperintense signal epidural
C2238939	brain MRI T2-weighted SE hyperintense signal epidural left
C2238940	brain MRI T2-weighted SE hyperintense signal epidural right
C2238941	brain MRI T2-weighted SE hyperintense signal foramen magnum
C2238942	brain MRI T2-weighted SE hyperintense signal frontal
C2238943	brain MRI T2-weighted SE hyperintense signal frontal left
C2238944	brain MRI T2-weighted SE hyperintense signal frontal midline
C2238945	brain MRI T2-weighted SE hyperintense signal frontal right
C2238946	brain MRI T2-weighted SE hyperintense signal hypothalamus
C2238947	brain MRI T2-weighted SE hyperintense signal internal capsule
C2238948	brain MRI T2-weighted SE hyperintense signal internal capsule left
C2238949	brain MRI T2-weighted SE hyperintense signal internal capsule right
C2238950	brain MRI T2-weighted SE hyperintense signal intrasellar
C2238951	brain MRI T2-weighted SE hyperintense signal intraventricular
C2238952	brain MRI T2-weighted SE hyperintense signal intraventricular fourth
C2238953	brain MRI T2-weighted SE hyperintense signal intraventricular left lateral
C2238954	brain MRI T2-weighted SE hyperintense signal intraventricular right lateral
C2238955	brain MRI T2-weighted SE hyperintense signal intraventricular third
C2238956	brain MRI T2-weighted SE hyperintense signal left
C2238957	brain MRI T2-weighted SE hyperintense signal medulla
C2238958	brain MRI T2-weighted SE hyperintense signal medulla left
C2238959	brain MRI T2-weighted SE hyperintense signal medulla right
C2238960	brain MRI T2-weighted SE hyperintense signal midbrain
C2238961	brain MRI T2-weighted SE hyperintense signal multiple locations
C2238962	brain MRI T2-weighted SE hyperintense signal occipital
C2238963	brain MRI T2-weighted SE hyperintense signal occipital left
C2238964	brain MRI T2-weighted SE hyperintense signal occipital right
C2238965	brain MRI T2-weighted SE hyperintense signal parasellar
C2238966	brain MRI T2-weighted SE hyperintense signal parietal
C2238967	brain MRI T2-weighted SE hyperintense signal parietal left
C2238968	brain MRI T2-weighted SE hyperintense signal parietal midline
C2238969	brain MRI T2-weighted SE hyperintense signal parietal right
C2238970	brain MRI T2-weighted SE hyperintense signal periventricular
C2238971	brain MRI T2-weighted SE hyperintense signal petrous apex
C2238972	brain MRI T2-weighted SE hyperintense signal pineal
C2238973	brain MRI T2-weighted SE hyperintense signal pons
C2238974	brain MRI T2-weighted SE hyperintense signal pons left
C2238975	brain MRI T2-weighted SE hyperintense signal pons right
C2238976	brain MRI T2-weighted SE hyperintense signal right
C2238977	brain MRI T2-weighted SE hyperintense signal single location
C2238978	brain MRI T2-weighted SE hyperintense signal sphenoid ridge
C2238979	brain MRI T2-weighted SE hyperintense signal subarachnoid
C2238980	brain MRI T2-weighted SE hyperintense signal subdural
C2238981	brain MRI T2-weighted SE hyperintense signal subdural left
C2238982	brain MRI T2-weighted SE hyperintense signal subdural right
C2238983	brain MRI T2-weighted SE hyperintense signal suprasellar
C2238984	brain MRI T2-weighted SE hyperintense signal tectum
C2238985	brain MRI T2-weighted SE hyperintense signal temporal
C2238986	brain MRI T2-weighted SE hyperintense signal temporal left
C2238987	brain MRI T2-weighted SE hyperintense signal temporal right
C2238988	brain MRI T2-weighted SE hyperintense signal thalamus
C2238989	brain MRI T2-weighted SE hyperintense signal thalamus left
C2238990	brain MRI T2-weighted SE hyperintense signal thalamus right
C2043665	C-spine MRI T1-weighted cord mass intramedullary hyperintense signal
C0238265	Central demyelination of corpus callosum
C0238265	central demyelination of corpus callosum (diagnosis)
C0238265	Central demyelination of corpus callosum (disorder)
C0338474	Central nervous system demyelination
C0338474	Central nervous system demyelination NOS
C0338474	Central nervous system demyelination NOS (disorder)
C3806584	Cerebral demyelination and inflammation
C2043659	cervical spine MRI T1-weighted cord intradural extramedullary mass hyperintense signal
C2043665	cervical spine MRI T1-weighted cord mass intramedullary hyperintense signal
C0338474	CNS demyelination NOS
C0011304	DEMYELINATION
C0011304	Demyelination (morphologic abnormality)
C0338474	Demyelination in central white matter
C1395170	Demyelination in optic neuritis
C0586256	Demyelination of spinal cord
C3277586	Demyelination of the posterior and lateral columns of the spinal cord
C1848989	Demyelination with white matter disease in internal capsule, external capsule, genu of corpus callosum, subcortical white matter, and posterior fossa
C0011304	Demyelination, NOS
C1868515	Demyelination, symmetric
C1859893	Diffuse demyelination (increased signal intensity in T2-weighted images, especially frontal lobes)
C4314597	Diffuse demyelination seen on MRI
C3810245	Diffuse hyperintense signal abnormalities in the white matter (in children)
C1857655	Disturbed visual and brainstem auditory evoked responses indicative of CNS demyelination
C2238926	head magnetic resonance imaging T2-weighted SE hyperintense signal
C2238927	head magnetic resonance imaging T2-weighted SE hyperintense signal basal ganglia
C2238928	head magnetic resonance imaging T2-weighted SE hyperintense signal basal ganglia left
C2238929	head magnetic resonance imaging T2-weighted SE hyperintense signal basal ganglia right
C2238930	head magnetic resonance imaging T2-weighted SE hyperintense signal cerebellopontine angle
C2238931	head magnetic resonance imaging T2-weighted SE hyperintense signal cerebellopontine angle left
C2238932	head magnetic resonance imaging T2-weighted SE hyperintense signal cerebellopontine angle right
C2238933	head magnetic resonance imaging T2-weighted SE hyperintense signal cerebellum
C2238934	head magnetic resonance imaging T2-weighted SE hyperintense signal cerebellum left
C2238935	head magnetic resonance imaging T2-weighted SE hyperintense signal cerebellum midline
C2238936	head magnetic resonance imaging T2-weighted SE hyperintense signal cerebellum right
C2238937	head magnetic resonance imaging T2-weighted SE hyperintense signal clivus
C2238938	head magnetic resonance imaging T2-weighted SE hyperintense signal epidural
C2238939	head magnetic resonance imaging T2-weighted SE hyperintense signal epidural left
C2238940	head magnetic resonance imaging T2-weighted SE hyperintense signal epidural right
C2238941	head magnetic resonance imaging T2-weighted SE hyperintense signal foramen magnum
C2238942	head magnetic resonance imaging T2-weighted SE hyperintense signal frontal
C2238943	head magnetic resonance imaging T2-weighted SE hyperintense signal frontal left
C2238944	head magnetic resonance imaging T2-weighted SE hyperintense signal frontal midline
C2238945	head magnetic resonance imaging T2-weighted SE hyperintense signal frontal right
C2238946	head magnetic resonance imaging T2-weighted SE hyperintense signal hypothalamus
C2238947	head magnetic resonance imaging T2-weighted SE hyperintense signal internal capsule
C2238948	head magnetic resonance imaging T2-weighted SE hyperintense signal internal capsule left
C2238949	head magnetic resonance imaging T2-weighted SE hyperintense signal internal capsule right
C2238950	head magnetic resonance imaging T2-weighted SE hyperintense signal intrasellar
C2238951	head magnetic resonance imaging T2-weighted SE hyperintense signal intraventricular
C2238952	head magnetic resonance imaging T2-weighted SE hyperintense signal intraventricular fourth
C2238955	head magnetic resonance imaging T2-weighted SE hyperintense signal intraventricular third
C2238956	head magnetic resonance imaging T2-weighted SE hyperintense signal left
C2238957	head magnetic resonance imaging T2-weighted SE hyperintense signal medulla
C2238958	head magnetic resonance imaging T2-weighted SE hyperintense signal medulla left
C2238959	head magnetic resonance imaging T2-weighted SE hyperintense signal medulla right
C2238960	head magnetic resonance imaging T2-weighted SE hyperintense signal midbrain
C2238961	head magnetic resonance imaging T2-weighted SE hyperintense signal multiple locations
C2238962	head magnetic resonance imaging T2-weighted SE hyperintense signal occipital
C2238963	head magnetic resonance imaging T2-weighted SE hyperintense signal occipital left
C2238964	head magnetic resonance imaging T2-weighted SE hyperintense signal occipital right
C2238965	head magnetic resonance imaging T2-weighted SE hyperintense signal parasellar
C2238966	head magnetic resonance imaging T2-weighted SE hyperintense signal parietal
C2238967	head magnetic resonance imaging T2-weighted SE hyperintense signal parietal left
C2238968	head magnetic resonance imaging T2-weighted SE hyperintense signal parietal midline
C2238969	head magnetic resonance imaging T2-weighted SE hyperintense signal parietal right
C2238970	head magnetic resonance imaging T2-weighted SE hyperintense signal periventricular
C2238971	head magnetic resonance imaging T2-weighted SE hyperintense signal petrous apex
C2238972	head magnetic resonance imaging T2-weighted SE hyperintense signal pineal
C2238973	head magnetic resonance imaging T2-weighted SE hyperintense signal pons
C2238974	head magnetic resonance imaging T2-weighted SE hyperintense signal pons left
C2238975	head magnetic resonance imaging T2-weighted SE hyperintense signal pons right
C2238976	head magnetic resonance imaging T2-weighted SE hyperintense signal right
C2238977	head magnetic resonance imaging T2-weighted SE hyperintense signal single location
C2238978	head magnetic resonance imaging T2-weighted SE hyperintense signal sphenoid ridge
C2238979	head magnetic resonance imaging T2-weighted SE hyperintense signal subarachnoid
C2238980	head magnetic resonance imaging T2-weighted SE hyperintense signal subdural
C2238981	head magnetic resonance imaging T2-weighted SE hyperintense signal subdural left
C2238982	head magnetic resonance imaging T2-weighted SE hyperintense signal subdural right
C2238983	head magnetic resonance imaging T2-weighted SE hyperintense signal suprasellar
C2238984	head magnetic resonance imaging T2-weighted SE hyperintense signal tectum
C2238985	head magnetic resonance imaging T2-weighted SE hyperintense signal temporal
C2238986	head magnetic resonance imaging T2-weighted SE hyperintense signal temporal left
C2238987	head magnetic resonance imaging T2-weighted SE hyperintense signal temporal right
C2238988	head magnetic resonance imaging T2-weighted SE hyperintense signal thalamus
C2238989	head magnetic resonance imaging T2-weighted SE hyperintense signal thalamus left
C2238990	head magnetic resonance imaging T2-weighted SE hyperintense signal thalamus right
C3552147	Hyperintense signaling of dorsal aspect of spinal cord seen on MRI (inversion recovery images)
C2673637	Hypo- and demyelination of the brain
C2199871	L-spine MRI spinal cord mass extramedullary hyperintense signal
C2191037	L-spine MRI spinal cord mass intradural extramedullary hyperintense signal
C1839887	Lesions characterized by demyelination, necrosis, gliosis, spongiosis, and capillary proliferation
C2673315	Lesions in basal ganglia, brainstem, cerebellum, thalamus, spinal cord characterized by demyelination, necrosis, gliosis, spongiosis, and capillary proliferation
C2238926	magnetic resonance imaging of brain: T2-weighted SE hyperintense signal
C2238926	magnetic resonance imaging of brain: T2-weighted SE hyperintense signal (procedure)
C2238930	magnetic resonance imaging of brain: T2-weighted SE hyperintense signal cerebellopontine angle
C2238930	magnetic resonance imaging of brain: T2-weighted SE hyperintense signal cerebellopontine angle (procedure)
C2238931	magnetic resonance imaging of brain: T2-weighted SE hyperintense signal cerebellopontine angle left
C2238931	magnetic resonance imaging of brain: T2-weighted SE hyperintense signal cerebellopontine angle left (procedure)
C2238932	magnetic resonance imaging of brain: T2-weighted SE hyperintense signal cerebellopontine angle right
C2238932	magnetic resonance imaging of brain: T2-weighted SE hyperintense signal cerebellopontine angle right (procedure)
C2238938	magnetic resonance imaging of brain: T2-weighted SE hyperintense signal epidural
C2238938	magnetic resonance imaging of brain: T2-weighted SE hyperintense signal epidural (procedure)
C2238939	magnetic resonance imaging of brain: T2-weighted SE hyperintense signal epidural left
C2238939	magnetic resonance imaging of brain: T2-weighted SE hyperintense signal epidural left (procedure)
C2238940	magnetic resonance imaging of brain: T2-weighted SE hyperintense signal epidural right
C2238940	magnetic resonance imaging of brain: T2-weighted SE hyperintense signal epidural right (procedure)
C2238961	magnetic resonance imaging of brain: T2-weighted SE hyperintense signal in multiple locations
C2238961	magnetic resonance imaging of brain: T2-weighted SE hyperintense signal in multiple locations (procedure)
C2238977	magnetic resonance imaging of brain: T2-weighted SE hyperintense signal in single location
C2238977	magnetic resonance imaging of brain: T2-weighted SE hyperintense signal in single location (procedure)
C2238950	magnetic resonance imaging of brain: T2-weighted SE hyperintense signal intrasellar
C2238950	magnetic resonance imaging of brain: T2-weighted SE hyperintense signal intrasellar (procedure)
C2238951	magnetic resonance imaging of brain: T2-weighted SE hyperintense signal intraventricular
C2238951	magnetic resonance imaging of brain: T2-weighted SE hyperintense signal intraventricular (procedure)
C2238952	magnetic resonance imaging of brain: T2-weighted SE hyperintense signal intraventricular fourth
C2238952	magnetic resonance imaging of brain: T2-weighted SE hyperintense signal intraventricular fourth (procedure)
C2238953	magnetic resonance imaging of brain: T2-weighted SE hyperintense signal intraventricular left lateral
C2238953	magnetic resonance imaging of brain: T2-weighted SE hyperintense signal intraventricular left lateral (procedure)
C2238954	magnetic resonance imaging of brain: T2-weighted SE hyperintense signal intraventricular right lateral
C2238954	magnetic resonance imaging of brain: T2-weighted SE hyperintense signal intraventricular right lateral (procedure)
C2238955	magnetic resonance imaging of brain: T2-weighted SE hyperintense signal intraventricular third
C2238955	magnetic resonance imaging of brain: T2-weighted SE hyperintense signal intraventricular third (procedure)
C2238927	magnetic resonance imaging of brain: T2-weighted SE hyperintense signal of basal ganglia
C2238927	magnetic resonance imaging of brain: T2-weighted SE hyperintense signal of basal ganglia (procedure)
C2238933	magnetic resonance imaging of brain: T2-weighted SE hyperintense signal of cerebellum
C2238933	magnetic resonance imaging of brain: T2-weighted SE hyperintense signal of cerebellum (procedure)
C2238937	magnetic resonance imaging of brain: T2-weighted SE hyperintense signal of clivus
C2238937	magnetic resonance imaging of brain: T2-weighted SE hyperintense signal of clivus (procedure)
C2238941	magnetic resonance imaging of brain: T2-weighted SE hyperintense signal of foramen magnum
C2238941	magnetic resonance imaging of brain: T2-weighted SE hyperintense signal of foramen magnum (procedure)
C2238942	magnetic resonance imaging of brain: T2-weighted SE hyperintense signal of frontal lobe
C2238942	magnetic resonance imaging of brain: T2-weighted SE hyperintense signal of frontal lobe (procedure)
C2238946	magnetic resonance imaging of brain: T2-weighted SE hyperintense signal of hypothalamus
C2238946	magnetic resonance imaging of brain: T2-weighted SE hyperintense signal of hypothalamus (procedure)
C2238947	magnetic resonance imaging of brain: T2-weighted SE hyperintense signal of internal capsule
C2238947	magnetic resonance imaging of brain: T2-weighted SE hyperintense signal of internal capsule (procedure)
C2238928	magnetic resonance imaging of brain: T2-weighted SE hyperintense signal of left basal ganglia
C2238928	magnetic resonance imaging of brain: T2-weighted SE hyperintense signal of left basal ganglia (procedure)
C2238934	magnetic resonance imaging of brain: T2-weighted SE hyperintense signal of left cerebellum
C2238934	magnetic resonance imaging of brain: T2-weighted SE hyperintense signal of left cerebellum (procedure)
C2238943	magnetic resonance imaging of brain: T2-weighted SE hyperintense signal of left frontal lobe
C2238943	magnetic resonance imaging of brain: T2-weighted SE hyperintense signal of left frontal lobe (procedure)
C2238948	magnetic resonance imaging of brain: T2-weighted SE hyperintense signal of left internal capsule
C2238948	magnetic resonance imaging of brain: T2-weighted SE hyperintense signal of left internal capsule (procedure)
C2238958	magnetic resonance imaging of brain: T2-weighted SE hyperintense signal of left medulla
C2238958	magnetic resonance imaging of brain: T2-weighted SE hyperintense signal of left medulla (procedure)
C2238956	magnetic resonance imaging of brain: T2-weighted SE hyperintense signal of left midbrain
C2238956	magnetic resonance imaging of brain: T2-weighted SE hyperintense signal of left midbrain (procedure)
C2238963	magnetic resonance imaging of brain: T2-weighted SE hyperintense signal of left occipital lobe
C2238963	magnetic resonance imaging of brain: T2-weighted SE hyperintense signal of left occipital lobe (procedure)
C2238967	magnetic resonance imaging of brain: T2-weighted SE hyperintense signal of left parietal lobe
C2238967	magnetic resonance imaging of brain: T2-weighted SE hyperintense signal of left parietal lobe (procedure)
C2238974	magnetic resonance imaging of brain: T2-weighted SE hyperintense signal of left pons
C2238974	magnetic resonance imaging of brain: T2-weighted SE hyperintense signal of left pons (procedure)
C2238986	magnetic resonance imaging of brain: T2-weighted SE hyperintense signal of left temporal lobe
C2238986	magnetic resonance imaging of brain: T2-weighted SE hyperintense signal of left temporal lobe (procedure)
C2238989	magnetic resonance imaging of brain: T2-weighted SE hyperintense signal of left thalamus
C2238989	magnetic resonance imaging of brain: T2-weighted SE hyperintense signal of left thalamus (procedure)
C2238957	magnetic resonance imaging of brain: T2-weighted SE hyperintense signal of medulla
C2238957	magnetic resonance imaging of brain: T2-weighted SE hyperintense signal of medulla (procedure)
C2238960	magnetic resonance imaging of brain: T2-weighted SE hyperintense signal of midbrain
C2238960	magnetic resonance imaging of brain: T2-weighted SE hyperintense signal of midbrain (procedure)
C2238935	magnetic resonance imaging of brain: T2-weighted SE hyperintense signal of midline cerebellum
C2238935	magnetic resonance imaging of brain: T2-weighted SE hyperintense signal of midline cerebellum (procedure)
C2238944	magnetic resonance imaging of brain: T2-weighted SE hyperintense signal of midline frontal lobe
C2238944	magnetic resonance imaging of brain: T2-weighted SE hyperintense signal of midline frontal lobe (procedure)
C2238968	magnetic resonance imaging of brain: T2-weighted SE hyperintense signal of midline parietal lobe
C2238968	magnetic resonance imaging of brain: T2-weighted SE hyperintense signal of midline parietal lobe (procedure)
C2238962	magnetic resonance imaging of brain: T2-weighted SE hyperintense signal of occipital lobe
C2238962	magnetic resonance imaging of brain: T2-weighted SE hyperintense signal of occipital lobe (procedure)
C2238966	magnetic resonance imaging of brain: T2-weighted SE hyperintense signal of parietal lobe
C2238966	magnetic resonance imaging of brain: T2-weighted SE hyperintense signal of parietal lobe (procedure)
C2238971	magnetic resonance imaging of brain: T2-weighted SE hyperintense signal of petrous apex
C2238971	magnetic resonance imaging of brain: T2-weighted SE hyperintense signal of petrous apex (procedure)
C2238972	magnetic resonance imaging of brain: T2-weighted SE hyperintense signal of pineal body
C2238972	magnetic resonance imaging of brain: T2-weighted SE hyperintense signal of pineal body (procedure)
C2238973	magnetic resonance imaging of brain: T2-weighted SE hyperintense signal of pons
C2238973	magnetic resonance imaging of brain: T2-weighted SE hyperintense signal of pons (procedure)
C2238929	magnetic resonance imaging of brain: T2-weighted SE hyperintense signal of right basal ganglia
C2238929	magnetic resonance imaging of brain: T2-weighted SE hyperintense signal of right basal ganglia (procedure)
C2238936	magnetic resonance imaging of brain: T2-weighted SE hyperintense signal of right cerebellum
C2238936	magnetic resonance imaging of brain: T2-weighted SE hyperintense signal of right cerebellum (procedure)
C2238945	magnetic resonance imaging of brain: T2-weighted SE hyperintense signal of right frontal lobe
C2238945	magnetic resonance imaging of brain: T2-weighted SE hyperintense signal of right frontal lobe (procedure)
C2238949	magnetic resonance imaging of brain: T2-weighted SE hyperintense signal of right internal capsule
C2238949	magnetic resonance imaging of brain: T2-weighted SE hyperintense signal of right internal capsule (procedure)
C2238959	magnetic resonance imaging of brain: T2-weighted SE hyperintense signal of right medulla
C2238959	magnetic resonance imaging of brain: T2-weighted SE hyperintense signal of right medulla (procedure)
C2238976	magnetic resonance imaging of brain: T2-weighted SE hyperintense signal of right midbrain
C2238976	magnetic resonance imaging of brain: T2-weighted SE hyperintense signal of right midbrain (procedure)
C2238964	magnetic resonance imaging of brain: T2-weighted SE hyperintense signal of right occipital lobe
C2238964	magnetic resonance imaging of brain: T2-weighted SE hyperintense signal of right occipital lobe (procedure)
C2238969	magnetic resonance imaging of brain: T2-weighted SE hyperintense signal of right parietal lobe
C2238969	magnetic resonance imaging of brain: T2-weighted SE hyperintense signal of right parietal lobe (procedure)
C2238975	magnetic resonance imaging of brain: T2-weighted SE hyperintense signal of right pons
C2238975	magnetic resonance imaging of brain: T2-weighted SE hyperintense signal of right pons (procedure)
C2238987	magnetic resonance imaging of brain: T2-weighted SE hyperintense signal of right temporal lobe
C2238987	magnetic resonance imaging of brain: T2-weighted SE hyperintense signal of right temporal lobe (procedure)
C2238990	magnetic resonance imaging of brain: T2-weighted SE hyperintense signal of right thalamus
C2238990	magnetic resonance imaging of brain: T2-weighted SE hyperintense signal of right thalamus (procedure)
C2238978	magnetic resonance imaging of brain: T2-weighted SE hyperintense signal of sphenoid ridge
C2238978	magnetic resonance imaging of brain: T2-weighted SE hyperintense signal of sphenoid ridge (procedure)
C2238979	magnetic resonance imaging of brain: T2-weighted SE hyperintense signal of subarachnoid
C2238979	magnetic resonance imaging of brain: T2-weighted SE hyperintense signal of subarachnoid (procedure)
C2238984	magnetic resonance imaging of brain: T2-weighted SE hyperintense signal of tectum
C2238984	magnetic resonance imaging of brain: T2-weighted SE hyperintense signal of tectum (procedure)
C2238985	magnetic resonance imaging of brain: T2-weighted SE hyperintense signal of temporal lobe
C2238985	magnetic resonance imaging of brain: T2-weighted SE hyperintense signal of temporal lobe (procedure)
C2238988	magnetic resonance imaging of brain: T2-weighted SE hyperintense signal of thalamus
C2238988	magnetic resonance imaging of brain: T2-weighted SE hyperintense signal of thalamus (procedure)
C2238965	magnetic resonance imaging of brain: T2-weighted SE hyperintense signal parasellar
C2238965	magnetic resonance imaging of brain: T2-weighted SE hyperintense signal parasellar (procedure)
C2238970	magnetic resonance imaging of brain: T2-weighted SE hyperintense signal periventricular
C2238970	magnetic resonance imaging of brain: T2-weighted SE hyperintense signal periventricular (procedure)
C2238980	magnetic resonance imaging of brain: T2-weighted SE hyperintense signal subdural
C2238980	magnetic resonance imaging of brain: T2-weighted SE hyperintense signal subdural (procedure)
C2238981	magnetic resonance imaging of brain: T2-weighted SE hyperintense signal subdural left
C2238981	magnetic resonance imaging of brain: T2-weighted SE hyperintense signal subdural left (procedure)
C2238982	magnetic resonance imaging of brain: T2-weighted SE hyperintense signal subdural right
C2238982	magnetic resonance imaging of brain: T2-weighted SE hyperintense signal subdural right (procedure)
C2238983	magnetic resonance imaging of brain: T2-weighted SE hyperintense signal suprasellar
C2238983	magnetic resonance imaging of brain: T2-weighted SE hyperintense signal suprasellar (procedure)
C2191041	magnetic resonance imaging of lumbar spine: intradural extramedullary mass of cord with hyperintense signal intensity (S/I) ratio
C2191041	magnetic resonance imaging of lumbar spine: intradural extramedullary mass of cord with hyperintense signal intensity (S/I) ratio (procedure)
C2191033	magnetic resonance imaging of lumbar spine: intramedullary mass of cord with hyperintense signal intensity (S/I) ratio
C2191033	magnetic resonance imaging of lumbar spine: intramedullary mass of cord with hyperintense signal intensity (S/I) ratio (procedure)
C1857320	Neuropathologic examination shows severe demyelination
C1838582	Neuropathology shows diffuse demyelination of the cerebral white matter
C2986548	New Lesion Identification
C0449793	Number of plaques
C0449793	Number of plaques (observable entity)
C0494468	Other acute disseminated demyelination
C0393663	Other CNS demyelination NOS
C0477367	Other specified acute disseminated demyelination
C0393663	Other specified central nervous system demyelination NOS
C0393663	Other specified central nervous system demyelination NOS (disorder)
C1857638	Patchy demyelination of subcortical white matter
C0333456	Primary demyelination
C0333456	Primary demyelination (morphologic abnormality)
C1847905	Rare segmental demyelination/remyelination
C1852065	Scattered CNS demyelination
C1843155	Secondary demyelination occurs later in disease
C0333457	Segmental demyelination
C0333457	Segmental demyelination (morphologic abnormality)
C1843077	Segmental demyelination/remyelination
C1856001	Severe demyelination of the white matter
C1858860	Slow course of functional deterioration compared to severity of MRI findings
C0586256	Spinal demyelination
C0586256	Spinal demyelination (disorder)
C1856411	Symmetrical progressive demyelination
C2087004	T-spine MRI T2-weighted cord mass extramedullary hyperintense signal
C2087007	T-spine MRI T2-weighted cord mass intradural extramedullary hyperintense signal
C2087011	T-spine MRI T2-weighted cord mass intramedullary hyperintense signal
C2082305	total number of plaques
C1849964	White matter dysmyelination/demyelination (71%)

