C0260667	[V]Problem with sexual function
C0260667	[V]Problem with sexual function (context-dependent category)
C0260667	[V]Problem with sexual function (situation)
C0260667	[V]Sexual function problems
C0349258	[X]Failure of genital response
C0577247	Ability to get an erection
C0577247	Ability to get an erection (observable entity)
C2937350	Abnormal ejaculation
C2937350	Abnormal ejaculation (finding)
C0278100	Abnormal female sexual function
C0278100	Abnormal female sexual function (finding)
C0278097	Abnormal male sexual function
C0278097	Abnormal male sexual function (finding)
C0029261	Abnormal orgasm
C0029261	Abnormal orgasm, NOS
C0549622	Abnormal sexual function
C0549622	Abnormal sexual function (finding)
C0425736	Cannot be aroused sexually
C0425736	Cannot be aroused sexually (finding)
C0549622	Decreased sexual function
C0549622	Decreased sexual function (finding)
C2937350	Defective ejaculation
C0935617	Disord of sexual preference
C0030846	Disorder of penis
C0030846	disorder of penis (diagnosis)
C0030846	Disorder of penis (disorder)
C0030846	Disorder of penis, NOS
C0030846	Disorder of penis, unspecified
C0154466	dyspareunia not due to physical condition
C0033038	Ejaculates too soon
C2937350	Ejaculatio deficiens
C0151612	Ejaculatio deficiens
C0033038	Ejaculatio praecox
C0033038	EJACULATION PREMATURE
C0349258	Failure of genital response
C0349258	Failure of genital response (finding)
C2063826	female hypoactive sexual desire due to physical condition
C2063826	female hypoactive sexual desire due to physical condition (diagnosis)
C2236798	female sexual dysfunction due to physical condition
C2236798	female sexual dysfunction due to physical condition (diagnosis)
C0455937	Genitalia, sexual function and urinary tract observations
C0455937	Genitalia, sexual function and urinary tract observations (finding)
C0455937	Genitalia, sexual function and urinary tract observations (navigational concept)
C1737772	H/O: sexual function problem
C0559168	H/O: sexual function problem
C0559168	H/O: sexual function problem (& [male])
C0559168	H/O: sexual function problem (& [male]) (situation)
C0555785	H/O:sexual problem - female
C0549622	Impaired sexual function
C0234016	impotence (psychogenic)
C2062777	inhibited sexual excitement
C2062777	inhibited sexual excitement (diagnosis)
C0020594	Lack of erotic interest
C0020594	Lack of erotic interest (finding)
C0020594	Lack or loss of sexual desire
C0020594	Lack or loss of sexual desire (disorder)
C0234038	male dyspareunia
C0234038	male dyspareunia (diagnosis)
C2063828	male erectile disorder due to physical condition
C2063828	male erectile disorder due to physical condition (diagnosis)
C2063827	male hypoactive sexual desire due to physical condition
C2063827	male hypoactive sexual desire due to physical condition (diagnosis)
C0278097	Male sexual dysfunction
C2216485	male sexual dysfunction due to physical condition
C2216485	male sexual dysfunction due to physical condition (diagnosis)
C0278095	Male sexual function
C0278095	Male sexual function (function)
C0278095	Male sexual function (observable entity)
C0425736	Non-arousal
C0154466	Non-organic dyspareunia
C0154466	Non-organic dyspareunia (disorder)
C0033953	Non-organic sexual dysfunction
C0042266	Non-organic vaginismus
C0042266	Non-organic vaginismus (disorder)
C0154466	Nonorganic dyspareunia
C0042266	Nonorganic vaginismus
C0278099	Normal female sexual function
C0278099	Normal female sexual function (finding)
C2712178	Normal sexual function
C2712178	Normal sexual function (finding)
C0577267	Observation of sexual function
C0029261	Orgasm disorder
C0029261	Orgasm disorder (disorder)
C0029261	Orgasm disorder, NOS
C0233998	Orgasm impairment
C0233998	Orgasm impairment (finding)
C0234022	Orgasm incapacity
C0234022	Orgasm incapacity (finding)
C0029261	Orgasmic Disorder
C0029261	orgasmic disorder (diagnosis)
C0029261	Orgasmic dysfunction
C0234038	Painful sexual act of male
C0234038	Painful sexual act of male (finding)
C0033038	Premature ejaculation
C0033038	premature ejaculation (diagnosis)
C0033038	Premature ejaculation (disorder)
C0033038	Premature ejaculation (finding)
C0033038	premature ejaculation (symptom)
C0033038	Premature orgasm - male
C0260667	Problem with sexual function
C0036902	Sexual arousal disorder
C0036902	Sexual arousal disorder (disorder)
C0036902	Sexual arousal disorder, NOS
C0036903	Sexual aversion
C0036903	Sexual aversion (finding)
C0036903	Sexual aversion disorder
C0036903	sexual aversion disorder (diagnosis)
C0036903	Sexual aversion disorder (disorder)
C0549622	Sexual disorder
C0549622	sexual disorder (diagnosis)
C0549622	Sexual disorder (disorder)
C0549622	Sexual Dysfunction
C0549622	sexual dysfunction (diagnosis)
C0549622	Sexual dysfunction (disorder)
C0549622	Sexual dysfunction (finding)
C0549622	Sexual dysfunction NOS
C0549622	Sexual dysfunction, NOS
C0549622	Sexual dysfunction, unspecified
C0278092	Sexual function
C0278092	Sexual function (function)
C0278092	Sexual function (observable entity)
C0549622	SEXUAL FUNCTION ABNORMAL
C0549622	SEXUAL FUNCTION ABNORMAL
C1286032	Sexual function observable
C1286032	Sexual function observable (observable entity)
C0423748	Sexual function painful
C0423748	Sexual function painful (finding)
C0260667	Sexual function problems
C0456964	Sexual function test
C0456964	Sexual function test (procedure)
C0278092	Sexual function, NOS
C1321067	Sexual functioning status
C1321067	Sexual functioning status (observable entity)
C0233997	Sexual inadequacy
C0233997	Sexual inadequacy (finding)
C0036910	Sexual pain disorder
C0036910	Sexual pain disorder (disorder)
C0036910	Sexual pain disorder (finding)
C0036910	Sexual pain disorder, NOS

