Dysarthria	CUI=C0013362	PREF=Dysarthria
[D]Dysarthria	CUI=C0013362	PREF=[D]Dysarthria
[D]Dysarthria (context-dependent category)	CUI=C0013362	PREF=[D]Dysarthria (context-dependent category)
[D]Dysarthria (situation)	CUI=C0013362	PREF=[D]Dysarthria (situation)
speech articulation dysarthria	CUI=C0013362	PREF=speech articulation dysarthria
dysarthria (physical finding)	CUI=C0013362	PREF=dysarthria (physical finding)
Dysarthria (finding)	CUI=C0013362	PREF=Dysarthria (finding)
	CUI=	PREF=
O/E - dysarthria	CUI=C0437231	PREF=O/E - dysarthria
On examination - dysarthria	CUI=C0437231	PREF=On examination - dysarthria
O/E - dysarthria (finding)	CUI=C0437231	PREF=O/E - dysarthria (finding)
On examination - dysarthria (context-dependent category)	CUI=C0437231	PREF=On examination - dysarthria (context-dependent category)
On examination - dysarthria (finding)	CUI=C0437231	PREF=On examination - dysarthria (finding)
Pseudobulbar palsy dysarthria	CUI=C0454596	PREF=Pseudobulbar palsy dysarthria
Pseudobulbar palsy type of dysarthria	CUI=C0454596	PREF=Pseudobulbar palsy type of dysarthria
Rigid type of dysarthria	CUI=C0454596	PREF=Rigid type of dysarthria
Spastic dysarthria	CUI=C0454596	PREF=Spastic dysarthria
Suprabulbar palsy dysarthria	CUI=C0454596	PREF=Suprabulbar palsy dysarthria
Suprabulbar palsy type of dysarthria	CUI=C0454596	PREF=Suprabulbar palsy type of dysarthria
spastic dysarthria (physical finding)	CUI=C0454596	PREF=spastic dysarthria (physical finding)
speech articulation dysarthria spastic	CUI=C0454596	PREF=speech articulation dysarthria spastic
Spastic dysarthria (finding)	CUI=C0454596	PREF=Spastic dysarthria (finding)
Bulbar palsy dysarthria	CUI=C0454597	PREF=Bulbar palsy dysarthria
Bulbar palsy type of dysarthria	CUI=C0454597	PREF=Bulbar palsy type of dysarthria
Flaccid dysarthria	CUI=C0454597	PREF=Flaccid dysarthria
Lower motor neuron dysarthria	CUI=C0454597	PREF=Lower motor neuron dysarthria
Lower motor neurone type of dysarthria	CUI=C0454597	PREF=Lower motor neurone type of dysarthria
Flaccid dysarthria (finding)	CUI=C0454597	PREF=Flaccid dysarthria (finding)
Comb flaccd/spastic dysarthria	CUI=C0454598	PREF=Comb flaccd/spastic dysarthria
Combined flaccid and spastic dysarthria	CUI=C0454598	PREF=Combined flaccid and spastic dysarthria
Mix flaccid/spastic dysarthria	CUI=C0454598	PREF=Mix flaccid/spastic dysarthria
Mixed dysarthria	CUI=C0454598	PREF=Mixed dysarthria
Mixed flaccid and spastic dysarthria	CUI=C0454598	PREF=Mixed flaccid and spastic dysarthria
mixed dysarthria (physical finding)	CUI=C0454598	PREF=mixed dysarthria (physical finding)
speech articulation dysarthria mixed	CUI=C0454598	PREF=speech articulation dysarthria mixed
Mixed dysarthria (finding)	CUI=C0454598	PREF=Mixed dysarthria (finding)
Ataxic dysarthria	CUI=C0454599	PREF=Ataxic dysarthria
Cerebellar dysarthria	CUI=C0454599	PREF=Cerebellar dysarthria
ataxic dysarthria (physical finding)	CUI=C0454599	PREF=ataxic dysarthria (physical finding)
speech articulation dysarthria ataxic	CUI=C0454599	PREF=speech articulation dysarthria ataxic
Cerebellar dysarthria (finding)	CUI=C0454599	PREF=Cerebellar dysarthria (finding)
Extrapyramidal dysarthria	CUI=C0454600	PREF=Extrapyramidal dysarthria
Hypokinetic dysarthria	CUI=C0454600	PREF=Hypokinetic dysarthria
Extrapyramidal dysarthria (finding)	CUI=C0454600	PREF=Extrapyramidal dysarthria (finding)
Hyperkinetic dysarthria	CUI=C0454601	PREF=Hyperkinetic dysarthria
Pyramidal dysarthria	CUI=C0454601	PREF=Pyramidal dysarthria
speech articulation dysarthria hyperkinesia	CUI=C0454601	PREF=speech articulation dysarthria hyperkinesia
hyperkinetic dysarthria (physical finding)	CUI=C0454601	PREF=hyperkinetic dysarthria (physical finding)
Pyramidal dysarthria (finding)	CUI=C0454601	PREF=Pyramidal dysarthria (finding)
Dysarthriapneumophonia	CUI=C0454602	PREF=Dysarthriapneumophonia
Dysarthriapneumophonia (finding)	CUI=C0454602	PREF=Dysarthriapneumophonia (finding)
Dysarthria of velopharynx	CUI=C0454603	PREF=Dysarthria of velopharynx
Dysarthria of velopharynx (finding)	CUI=C0454603	PREF=Dysarthria of velopharynx (finding)
Dysarthria and anarthria	CUI=C0495694	PREF=Dysarthria and anarthria
Voice Changes and Dysarthria Adverse Event	CUI=C1557800	PREF=Voice Changes and Dysarthria Adverse Event
Nasal dysarthria	CUI=C1834815	PREF=Nasal dysarthria
Dysarthria (onset in third decade)	CUI=C1836013	PREF=Dysarthria (onset in third decade)
Dysarthria, slowly progressive	CUI=C1836695	PREF=Dysarthria, slowly progressive
Dysarthria (most common presenting symptom)	CUI=C1837542	PREF=Dysarthria (most common presenting symptom)
	CUI=	PREF=
Dysarthria may occur	CUI=C1861571	PREF=Dysarthria may occur
Bulbar dysfunction (e.g. dysarthria and dysphagia)	CUI=C1862945	PREF=Bulbar dysfunction (e.g. dysarthria and dysphagia)
Dysarthria, dysphonia, or cough precede onset of ataxia	CUI=C1969470	PREF=Dysarthria, dysphonia, or cough precede onset of ataxia
Lingual dysarthria	CUI=C1997332	PREF=Lingual dysarthria
Lingual dysarthria (finding)	CUI=C1997332	PREF=Lingual dysarthria (finding)
speech articulation dysarthria hypokinesia	CUI=C2017999	PREF=speech articulation dysarthria hypokinesia
hypokinetic dysarthria	CUI=C2017999	PREF=hypokinetic dysarthria
hypokinetic dysarthria (physical finding)	CUI=C2017999	PREF=hypokinetic dysarthria (physical finding)
paretic dysarthria (physical finding)	CUI=C2018001	PREF=paretic dysarthria (physical finding)
speech articulation dysarthria paretic	CUI=C2018001	PREF=speech articulation dysarthria paretic
paretic dysarthria	CUI=C2018001	PREF=paretic dysarthria
headache preceded by dysarthria	CUI=C2029731	PREF=headache preceded by dysarthria
NIH-SS 10. dysarthria	CUI=C2234463	PREF=NIH-SS 10. dysarthria
NIH stroke scale 10 score for dysarthria	CUI=C2234463	PREF=NIH stroke scale 10 score for dysarthria
NIH stroke scale 10 score for dysarthria (physical finding)	CUI=C2234463	PREF=NIH stroke scale 10 score for dysarthria (physical finding)
Dysarthria (74%)	CUI=C2674354	PREF=Dysarthria (74%)
Dysarthria (less common)	CUI=C3277374	PREF=Dysarthria (less common)
Dysarthria, mild	CUI=C3549475	PREF=Dysarthria, mild
Dysarthria (mild)	CUI=C3549475	PREF=Dysarthria (mild)
Severe dysarthria; patient's speech is so slurred as to be unintelligible in the absence of or out of proportion to any dysphasia, or is mute/anarthric	CUI=C4036148	PREF=Severe dysarthria; patient's speech is so slurred as to be unintelligible in the absence of or out of proportion to any dysphasia, or is mute/anarthric
Mild-to-moderate dysarthria; patient slurs at least some words and, at worst, can be understood with some difficulty	CUI=C4036149	PREF=Mild-to-moderate dysarthria; patient slurs at least some words and, at worst, can be understood with some difficulty
Acquired dysarthria (finding)	CUI=C4304808	PREF=Acquired dysarthria (finding)
Acquired dysarthria	CUI=C4304808	PREF=Acquired dysarthria
	CUI=	PREF=
