Muscle Spasticity	CUI=C0026838	PREF=Muscle Spasticity
Muscular spasticity	CUI=C0026838	PREF=Muscular spasticity
Spasticity	CUI=C0026838	PREF=Spasticity
spasticity (physical finding)	CUI=C0026838	PREF=spasticity (physical finding)
spasticity was noted	CUI=C0026838	PREF=spasticity was noted
Spasticity (finding)	CUI=C0026838	PREF=Spasticity (finding)
Spasticity (qualifier value)	CUI=C0026838	PREF=Spasticity (qualifier value)
Spasticity [Ambiguous]	CUI=C0026838	PREF=Spasticity [Ambiguous]
Spastic paraparesis	CUI=C0037771	PREF=Spastic paraparesis
Spastic paraparesis (disorder)	CUI=C0037771	PREF=Spastic paraparesis (disorder)
Spastic paraparesis (finding)	CUI=C0037771	PREF=Spastic paraparesis (finding)
Spastic paralysis, NOS	CUI=C0085621	PREF=Spastic paralysis, NOS
Spastic paralysis	CUI=C0085621	PREF=Spastic paralysis
Spastic paralysis (finding)	CUI=C0085621	PREF=Spastic paralysis (finding)
Clasp-knife spasticity	CUI=C0277820	PREF=Clasp-knife spasticity
Clasp-knife effect	CUI=C0277820	PREF=Clasp-knife effect
Clasp-knife phenomenon	CUI=C0277820	PREF=Clasp-knife phenomenon
Clasp-knife spasticity	CUI=C0277820	PREF=Clasp-knife spasticity
Clasp knife like increase in tone	CUI=C0277820	PREF=Clasp knife like increase in tone
Clasp knife like increase tone	CUI=C0277820	PREF=Clasp knife like increase tone
Clasp knife rigidity	CUI=C0277820	PREF=Clasp knife rigidity
Clasp knife like increase in tone (finding)	CUI=C0277820	PREF=Clasp knife like increase in tone (finding)
Modified Ashworth scale for grading spasticity	CUI=C0451002	PREF=Modified Ashworth scale for grading spasticity
MUSCLE SPASTICITY AGGRAVATED	CUI=C0549244	PREF=MUSCLE SPASTICITY AGGRAVATED
On examination - muscle tone spastic	CUI=C0581921	PREF=On examination - muscle tone spastic
On examination - muscle tone spastic (context-dependent category)	CUI=C0581921	PREF=On examination - muscle tone spastic (context-dependent category)
On examination - muscle tone spastic (finding)	CUI=C0581921	PREF=On examination - muscle tone spastic (finding)
Spastic paresis	CUI=C0747265	PREF=Spastic paresis
Spastic paresis (finding)	CUI=C0747265	PREF=Spastic paresis (finding)
Lower limb spasticity	CUI=C1271100	PREF=Lower limb spasticity
Spasticity of the lower limbs	CUI=C1271100	PREF=Spasticity of the lower limbs
Lower limb spasticity (finding)	CUI=C1271100	PREF=Lower limb spasticity (finding)
Lower limb spasticity	CUI=C1271100	PREF=Lower limb spasticity
Spasticity of the lower limbs	CUI=C1271100	PREF=Spasticity of the lower limbs
Lower limb spasticity (finding)	CUI=C1271100	PREF=Lower limb spasticity (finding)
Upper limb spasticity	CUI=C1273957	PREF=Upper limb spasticity
Upper limb spasticity (finding)	CUI=C1273957	PREF=Upper limb spasticity (finding)
Upper limb spasticity	CUI=C1273957	PREF=Upper limb spasticity
Upper limb spasticity (finding)	CUI=C1273957	PREF=Upper limb spasticity (finding)
Muscle spasticity of spinal origin (finding)	CUI=C1562430	PREF=Muscle spasticity of spinal origin (finding)
Muscle spasticity of spinal origin	CUI=C1562430	PREF=Muscle spasticity of spinal origin
Muscle spasticity of spinal origin (finding)	CUI=C1562430	PREF=Muscle spasticity of spinal origin (finding)
Muscle spasticity of spinal origin	CUI=C1562430	PREF=Muscle spasticity of spinal origin
Spasticity may be present	CUI=C1838200	PREF=Spasticity may be present
Spasticity may occur	CUI=C1842677	PREF=Spasticity may occur
Spasticity (later onset)	CUI=C1844940	PREF=Spasticity (later onset)
Spasticity, hyperreflexia	CUI=C1845896	PREF=Spasticity, hyperreflexia
Initial hypotonia, followed by spasticity	CUI=C1848986	PREF=Initial hypotonia, followed by spasticity
Spasticity later	CUI=C1850370	PREF=Spasticity later
Spasticity (later)	CUI=C1850370	PREF=Spasticity (later)
Spasticity is slowly progressive	CUI=C1850404	PREF=Spasticity is slowly progressive
Spasticity of pharyngeal muscles	CUI=C1853398	PREF=Spasticity of pharyngeal muscles
Spasticity of the facial muscles	CUI=C1853404	PREF=Spasticity of the facial muscles
Spasticity of facial muscles	CUI=C1853404	PREF=Spasticity of facial muscles
Tetraplegic spasticity	CUI=C1856976	PREF=Tetraplegic spasticity
Spasticity, progressive	CUI=C1859520	PREF=Spasticity, progressive
Progressive spasticity	CUI=C1859520	PREF=Progressive spasticity
Spasticity of lower and upper limbs	CUI=C1859808	PREF=Spasticity of lower and upper limbs
Spasticity of upper and lower limbs	CUI=C1859808	PREF=Spasticity of upper and lower limbs
Spasticity, upper and lower limbs	CUI=C1859808	PREF=Spasticity, upper and lower limbs
Spasticity, severe	CUI=C1861968	PREF=Spasticity, severe
hemispasticity of dominant left side (physical finding)	CUI=C2030493	PREF=hemispasticity of dominant left side (physical finding)
hemispasticity of dominant left side	CUI=C2030493	PREF=hemispasticity of dominant left side
hemispasticity of dominant right side (physical finding)	CUI=C2030494	PREF=hemispasticity of dominant right side (physical finding)
hemispasticity of dominant right side	CUI=C2030494	PREF=hemispasticity of dominant right side
hemispasticity of left side (physical finding)	CUI=C2030495	PREF=hemispasticity of left side (physical finding)
hemispasticity of left side	CUI=C2030495	PREF=hemispasticity of left side
hemispasticity of left side (physical finding)	CUI=C2030495	PREF=hemispasticity of left side (physical finding)
hemispasticity of left side	CUI=C2030495	PREF=hemispasticity of left side
hemispasticity of nondominant left side (physical finding)	CUI=C2030496	PREF=hemispasticity of nondominant left side (physical finding)
hemispasticity of nondominant left side	CUI=C2030496	PREF=hemispasticity of nondominant left side
hemispasticity of nondominant right side (physical finding)	CUI=C2030497	PREF=hemispasticity of nondominant right side (physical finding)
hemispasticity of nondominant right side	CUI=C2030497	PREF=hemispasticity of nondominant right side
hemispasticity of right side (physical finding)	CUI=C2030498	PREF=hemispasticity of right side (physical finding)
hemispasticity of right side	CUI=C2030498	PREF=hemispasticity of right side
hemispasticity of right side (physical finding)	CUI=C2030498	PREF=hemispasticity of right side (physical finding)
hemispasticity of right side	CUI=C2030498	PREF=hemispasticity of right side
paraspasticity (physical finding)	CUI=C2034299	PREF=paraspasticity (physical finding)
paraspasticity	CUI=C2034299	PREF=paraspasticity
spasticity was noted of both legs	CUI=C2034299	PREF=spasticity was noted of both legs
paraspasticity (physical finding)	CUI=C2034299	PREF=paraspasticity (physical finding)
paraspasticity	CUI=C2034299	PREF=paraspasticity
spasticity was noted of both legs	CUI=C2034299	PREF=spasticity was noted of both legs
quadraspasticity (physical finding)	CUI=C2168891	PREF=quadraspasticity (physical finding)
quadraspasticity	CUI=C2168891	PREF=quadraspasticity
spasticity was noted affecting all four limbs	CUI=C2168891	PREF=spasticity was noted affecting all four limbs
quadraspasticity (physical finding)	CUI=C2168891	PREF=quadraspasticity (physical finding)
quadraspasticity	CUI=C2168891	PREF=quadraspasticity
spasticity was noted affecting all four limbs	CUI=C2168891	PREF=spasticity was noted affecting all four limbs
monospasticity (physical finding)	CUI=C2237154	PREF=monospasticity (physical finding)
monospasticity	CUI=C2237154	PREF=monospasticity
monospasticity was noted	CUI=C2237154	PREF=monospasticity was noted
monospasticity (physical finding)	CUI=C2237154	PREF=monospasticity (physical finding)
monospasticity	CUI=C2237154	PREF=monospasticity
monospasticity was noted	CUI=C2237154	PREF=monospasticity was noted
monospasticity of left arm	CUI=C2237155	PREF=monospasticity of left arm
monospasticity of left arm (physical finding)	CUI=C2237155	PREF=monospasticity of left arm (physical finding)
monospasticity of left leg	CUI=C2237156	PREF=monospasticity of left leg
monospasticity of left leg (physical finding)	CUI=C2237156	PREF=monospasticity of left leg (physical finding)
monospasticity of right arm (physical finding)	CUI=C2237157	PREF=monospasticity of right arm (physical finding)
monospasticity of right arm	CUI=C2237157	PREF=monospasticity of right arm
monospasticity of right leg	CUI=C2237158	PREF=monospasticity of right leg
monospasticity of right leg (physical finding)	CUI=C2237158	PREF=monospasticity of right leg (physical finding)
Bulbar spasticity	CUI=C2674082	PREF=Bulbar spasticity
Upper limb spasticity (some)	CUI=C2677782	PREF=Upper limb spasticity (some)
Spasticity, progressive, develops in childhood	CUI=C2678183	PREF=Spasticity, progressive, develops in childhood
Limb spasticity	CUI=C2678242	PREF=Limb spasticity
Spasticity, mainly in the lower limbs	CUI=C2678419	PREF=Spasticity, mainly in the lower limbs
Upper limb spasticity, mild	CUI=C2749937	PREF=Upper limb spasticity, mild
Spasticity (reported in 1 patient)	CUI=C2750633	PREF=Spasticity (reported in 1 patient)
Spasticity (1 patient)	CUI=C2750633	PREF=Spasticity (1 patient)
Spasticity (patient 1)	CUI=C2750633	PREF=Spasticity (patient 1)
Spasticity (less common)	CUI=C3148981	PREF=Spasticity (less common)
Spasticity (1 family)	CUI=C3149594	PREF=Spasticity (1 family)
Spasticity/paresis (rare)	CUI=C3150365	PREF=Spasticity/paresis (rare)
Spasticity (type II)	CUI=C3151499	PREF=Spasticity (type II)
Spasticity, distal	CUI=C3151686	PREF=Spasticity, distal
Survivors have mental retardation, spasticity, and adducted thumbs (MASA syndrome findings (303350))	CUI=C3151869	PREF=Survivors have mental retardation, spasticity, and adducted thumbs (MASA syndrome findings (303350))
Spasticity, primarily lower limbs, but upper limbs may be involved	CUI=C3278203	PREF=Spasticity, primarily lower limbs, but upper limbs may be involved
Spasticity (rare)	CUI=C3550914	PREF=Spasticity (rare)
Lower limb spasticity, mild	CUI=C3551630	PREF=Lower limb spasticity, mild
Some patients present with spasticity, whereas others present with cerebellar ataxia	CUI=C3553096	PREF=Some patients present with spasticity, whereas others present with cerebellar ataxia
Spasticity (in some)	CUI=C3553833	PREF=Spasticity (in some)
Spasticity, usually of the lower limbs	CUI=C3554211	PREF=Spasticity, usually of the lower limbs
Spasticity, lower limbs greater than upper limbs	CUI=C3809009	PREF=Spasticity, lower limbs greater than upper limbs
Spasticity, severe, affecting lower limbs	CUI=C3810446	PREF=Spasticity, severe, affecting lower limbs
Spasticity, more apparent in the lower limbs	CUI=C4015324	PREF=Spasticity, more apparent in the lower limbs
Spasticity, mild	CUI=C4229404	PREF=Spasticity, mild
Jaw spasticity	CUI=C4230622	PREF=Jaw spasticity
Spasticity of lower limbs (in some patients)	CUI=C4231125	PREF=Spasticity of lower limbs (in some patients)
Appendicular spasticity	CUI=C4313257	PREF=Appendicular spasticity
Spasticity (particularly of lower limbs)	CUI=C4314629	PREF=Spasticity (particularly of lower limbs)
Spasticity of lower extremeties	CUI=C4314981	PREF=Spasticity of lower extremeties
