[D]Memory deficit	CUI=C0233794	PREF=[D]Memory deficit
Actual Impaired Alertness	CUI=C2712027	PREF=Actual Impaired Alertness
assessment & intervention cognitive impairment assessed	CUI=C2958862	PREF=assessment & intervention cognitive impairment assessed
assessment & intervention cognitive impairment assessed (treatment)	CUI=C2958862	PREF=assessment & intervention cognitive impairment assessed (treatment)
assessment & intervention cognitive impairment assessed with care planning	CUI=C4535889	PREF=assessment & intervention cognitive impairment assessed with care planning
assessment & intervention cognitive impairment assessed with care planning (treatment)	CUI=C4535889	PREF=assessment & intervention cognitive impairment assessed with care planning (treatment)
Assessment using conversation analysis profile for people with cognitive impairment	CUI=C3472506	PREF=Assessment using conversation analysis profile for people with cognitive impairment
Assessment using conversation analysis profile for people with cognitive impairment (procedure)	CUI=C3472506	PREF=Assessment using conversation analysis profile for people with cognitive impairment (procedure)
Attention disturbances	CUI=C0233414	PREF=Attention disturbances
Bad memory	CUI=C0233794	PREF=Bad memory
Cognitive changes due to organic disorder	CUI=C3698288	PREF=Cognitive changes due to organic disorder
Cognitive changes due to organic disorder (finding)	CUI=C3698288	PREF=Cognitive changes due to organic disorder (finding)
Cognitive decline	CUI=C0338656	PREF=Cognitive decline
Cognitive defects	CUI=C0338656	PREF=Cognitive defects
Cognitive deficit	CUI=C0338656	PREF=Cognitive deficit
Cognitive deficit due to multiple sclerosis	CUI=C4047684	PREF=Cognitive deficit due to multiple sclerosis
Cognitive deficit in attention	CUI=C4076080	PREF=Cognitive deficit in attention
Cognitive deficit in attention (finding)	CUI=C4076080	PREF=Cognitive deficit in attention (finding)
Cognitive deficits	CUI=C0338656	PREF=Cognitive deficits
Cognitive disturbance	CUI=C0338656	PREF=Cognitive disturbance
Cognitive dysfunction	CUI=C0338656	PREF=Cognitive dysfunction
Cognitive impairment	CUI=C0338656	PREF=Cognitive impairment
Cognitive impairment due to multiple sclerosis	CUI=C4047684	PREF=Cognitive impairment due to multiple sclerosis
Cognitive impairment due to multiple sclerosis (disorder)	CUI=C4047684	PREF=Cognitive impairment due to multiple sclerosis (disorder)
Cognitive impairment due to toxicity	CUI=C4546094	PREF=Cognitive impairment due to toxicity
Cognitive impairment due to toxicity of substance	CUI=C4546094	PREF=Cognitive impairment due to toxicity of substance
Cognitive impairment due to toxicity of substance (disorder)	CUI=C4546094	PREF=Cognitive impairment due to toxicity of substance (disorder)
Cognitive impairment in individuals with onset before age 40	CUI=C4314766	PREF=Cognitive impairment in individuals with onset before age 40
Cognitive impairment Reported	CUI=C3259508	PREF=Cognitive impairment Reported
COGNITIVE IMPAIRMENT WITH OR WITHOUT CEREBELLAR ATAXIA	CUI=C3280415	PREF=COGNITIVE IMPAIRMENT WITH OR WITHOUT CEREBELLAR ATAXIA
Cognitive impairment, gradual onset	CUI=C3551964	PREF=Cognitive impairment, gradual onset
Cognitive impairment, mild	CUI=C1270972	PREF=Cognitive impairment, mild
Cognitive impairment, mild (44%)	CUI=C2674356	PREF=Cognitive impairment, mild (44%)
Cognitive impairment, mild to moderate	CUI=C3554028	PREF=Cognitive impairment, mild to moderate
Cognitive impairment, mild to severe	CUI=C4014746	PREF=Cognitive impairment, mild to severe
Congitive deficit due to multiple sclerosis	CUI=C4047684	PREF=Congitive deficit due to multiple sclerosis
Congitive impairment due to multiple sclerosis	CUI=C4047684	PREF=Congitive impairment due to multiple sclerosis
Congitive impairment due to multiple sclerosis (disorder)	CUI=C4047684	PREF=Congitive impairment due to multiple sclerosis (disorder)
Conversation analysis profile for people with cognitive impairment	CUI=C3472505	PREF=Conversation analysis profile for people with cognitive impairment
Conversation analysis profile for people with cognitive impairment (assessment scale)	CUI=C3472505	PREF=Conversation analysis profile for people with cognitive impairment (assessment scale)
Dissociative neurological symptom disorder co-occurrent with cognitive symptoms	CUI=C4544268	PREF=Dissociative neurological symptom disorder co-occurrent with cognitive symptoms
Dissociative neurological symptom disorder co-occurrent with cognitive symptoms (disorder)	CUI=C4544268	PREF=Dissociative neurological symptom disorder co-occurrent with cognitive symptoms (disorder)
Disturbance in cognition	CUI=C0338656	PREF=Disturbance in cognition
Disturbance of attention	CUI=C0233414	PREF=Disturbance of attention
Disturbance of attention (finding)	CUI=C0233414	PREF=Disturbance of attention (finding)
Disturbance of attention, NOS	CUI=C0233414	PREF=Disturbance of attention, NOS
Disturbance of cognitive learning	CUI=C1291720	PREF=Disturbance of cognitive learning
Disturbance of cognitive learning (finding)	CUI=C1291720	PREF=Disturbance of cognitive learning (finding)
Disturbance of memory	CUI=C0233794	PREF=Disturbance of memory
Disturbance of memory, NOS	CUI=C0233794	PREF=Disturbance of memory, NOS
humpty dumpty fall risk assessment cognitive impairment	CUI=C3863297	PREF=humpty dumpty fall risk assessment cognitive impairment
humpty dumpty fall risk assessment cognitive impairment (treatment)	CUI=C3863297	PREF=humpty dumpty fall risk assessment cognitive impairment (treatment)
Impaired alertness	CUI=C2712027	PREF=Impaired alertness
Impaired cognition	CUI=C0338656	PREF=Impaired cognition
Impaired cognition (finding)	CUI=C0338656	PREF=Impaired cognition (finding)
Impaired executive functioning	CUI=C4544271	PREF=Impaired executive functioning
Impaired executive functioning (finding)	CUI=C4544271	PREF=Impaired executive functioning (finding)
Impaired memory	CUI=C0233794	PREF=Impaired memory
Impairment of mental alertness	CUI=C2712027	PREF=Impairment of mental alertness
Impairment of mental alertness (finding)	CUI=C2712027	PREF=Impairment of mental alertness (finding)
Lack of reasoning ability	CUI=C1291714	PREF=Lack of reasoning ability
Lack of thinking ability	CUI=C1291714	PREF=Lack of thinking ability
Lack of thinking ability (finding)	CUI=C1291714	PREF=Lack of thinking ability (finding)
Memory deficit	CUI=C0233794	PREF=Memory deficit
Memory deficits	CUI=C0233794	PREF=Memory deficits
MEMORY DISTURBANCE	CUI=C0233794	PREF=MEMORY DISTURBANCE
MEMORY IMPAIRMENT	CUI=C0233794	PREF=MEMORY IMPAIRMENT
Memory impairment (finding)	CUI=C0233794	PREF=Memory impairment (finding)
Memory problem	CUI=C0233794	PREF=Memory problem
Memory retention disorder	CUI=C0233794	PREF=Memory retention disorder
Mild cognitive impairment	CUI=C1270972	PREF=Mild cognitive impairment
mild cognitive impairment (diagnosis)	CUI=C1270972	PREF=mild cognitive impairment (diagnosis)
Mild cognitive impairment, so stated	CUI=C1719378	PREF=Mild cognitive impairment, so stated
Minimal cognitive impairment	CUI=C1291708	PREF=Minimal cognitive impairment
Minimal cognitive impairment (finding)	CUI=C1291708	PREF=Minimal cognitive impairment (finding)
Moderate cognitive impairment	CUI=C3839816	PREF=Moderate cognitive impairment
Moderate cognitive impairment (finding)	CUI=C3839816	PREF=Moderate cognitive impairment (finding)
No cognitive impairment	CUI=C4230628	PREF=No cognitive impairment
Perceived cognitive impairments	CUI=C3476340	PREF=Perceived cognitive impairments
Perceived cognitive impairments [FACIT]	CUI=C3481797	PREF=Perceived cognitive impairments [FACIT]
Perceived cognitive impairments:-:Point in time:^Patient:-:FACIT	CUI=C3481797	PREF=Perceived cognitive impairments:-:Point in time:^Patient:-:FACIT
Perceived cognitive impairments:-:Pt:^Patient:-:FACIT	CUI=C3481797	PREF=Perceived cognitive impairments:-:Pt:^Patient:-:FACIT
Poor memory	CUI=C0233794	PREF=Poor memory
Potential cognitive impairment	CUI=C0231393	PREF=Potential cognitive impairment
Potential for cognitive impairment	CUI=C0231393	PREF=Potential for cognitive impairment
rndx memory impairment	CUI=C0233794	PREF=rndx memory impairment
rndx memory impairment (diagnosis)	CUI=C0233794	PREF=rndx memory impairment (diagnosis)
Severe cognitive impairment	CUI=C3554639	PREF=Severe cognitive impairment
Severe cognitive impairment (finding)	CUI=C3554639	PREF=Severe cognitive impairment (finding)
Six item cognitive impairment test	CUI=C1319423	PREF=Six item cognitive impairment test
Six item cognitive impairment test (procedure)	CUI=C1319423	PREF=Six item cognitive impairment test (procedure)
urinary incontinence due to cognitive impairment	CUI=C2368031	PREF=urinary incontinence due to cognitive impairment
urinary incontinence due to cognitive impairment (diagnosis)	CUI=C2368031	PREF=urinary incontinence due to cognitive impairment (diagnosis)
Urinary incontinence due to cognitive impairment, or severe physical disability or immobility	CUI=C2349678	PREF=Urinary incontinence due to cognitive impairment, or severe physical disability or immobility
