[D]Paraesthesia	CUI=C0030554	PREF=[D]Paraesthesia
[D]Paraesthesia (situation)	CUI=C0030554	PREF=[D]Paraesthesia (situation)
[D]Paresthesia	CUI=C0030554	PREF=[D]Paresthesia
[D]Paresthesia (context-dependent category)	CUI=C0030554	PREF=[D]Paresthesia (context-dependent category)
[D]Paresthesia (situation)	CUI=C0030554	PREF=[D]Paresthesia (situation)
Altered sensation	CUI=C0423575	PREF=Altered sensation
Altered sensation of skin	CUI=C0423575	PREF=Altered sensation of skin
Altered sensation of skin (finding)	CUI=C0423575	PREF=Altered sensation of skin (finding)
Changed sensation	CUI=C0423575	PREF=Changed sensation
Different sensation	CUI=C0423575	PREF=Different sensation
Disturbance of skin sensation	CUI=C0423575	PREF=Disturbance of skin sensation
Disturbed sensation	CUI=C0423575	PREF=Disturbed sensation
Paraesthesia	CUI=C0030554	PREF=Paraesthesia
Paraesthesia (numbness/tingling)	CUI=C0030554	PREF=Paraesthesia (numbness/tingling)
Paraesthesia of skin	CUI=C0235046	PREF=Paraesthesia of skin
Paresthesia	CUI=C0030554	PREF=Paresthesia
PARESTHESIA	CUI=C0030554	PREF=PARESTHESIA
Paresthesia	CUI=C0030554	PREF=Paresthesia
PARESTHESIA	CUI=C0030554	PREF=PARESTHESIA
Paresthesia (finding)	CUI=C0030554	PREF=Paresthesia (finding)
Paresthesia (numbness/tingling)	CUI=C0030554	PREF=Paresthesia (numbness/tingling)
Paresthesia of skin	CUI=C0235046	PREF=Paresthesia of skin
Paresthesia of skin (finding)	CUI=C0235046	PREF=Paresthesia of skin (finding)
PARESTHESIA SKIN	CUI=C0235046	PREF=PARESTHESIA SKIN
PARESTHESIAS	CUI=C0030554	PREF=PARESTHESIAS
	CUI=	PREF=
