[V]Problem with sexual function	CUI=C0260667	PREF=[V]Problem with sexual function
[V]Problem with sexual function (context-dependent category)	CUI=C0260667	PREF=[V]Problem with sexual function (context-dependent category)
[V]Problem with sexual function (situation)	CUI=C0260667	PREF=[V]Problem with sexual function (situation)
[V]Sexual function problems	CUI=C0260667	PREF=[V]Sexual function problems
[X]Failure of genital response	CUI=C0349258	PREF=[X]Failure of genital response
Ability to get an erection	CUI=C0577247	PREF=Ability to get an erection
Ability to get an erection (observable entity)	CUI=C0577247	PREF=Ability to get an erection (observable entity)
Abnormal ejaculation	CUI=C2937350	PREF=Abnormal ejaculation
Abnormal ejaculation (finding)	CUI=C2937350	PREF=Abnormal ejaculation (finding)
Abnormal female sexual function	CUI=C0278100	PREF=Abnormal female sexual function
Abnormal female sexual function (finding)	CUI=C0278100	PREF=Abnormal female sexual function (finding)
Abnormal male sexual function	CUI=C0278097	PREF=Abnormal male sexual function
Abnormal male sexual function (finding)	CUI=C0278097	PREF=Abnormal male sexual function (finding)
Abnormal orgasm	CUI=C0029261	PREF=Abnormal orgasm
Abnormal orgasm, NOS	CUI=C0029261	PREF=Abnormal orgasm, NOS
Abnormal sexual function	CUI=C0549622	PREF=Abnormal sexual function
Abnormal sexual function (finding)	CUI=C0549622	PREF=Abnormal sexual function (finding)
Cannot be aroused sexually	CUI=C0425736	PREF=Cannot be aroused sexually
Cannot be aroused sexually (finding)	CUI=C0425736	PREF=Cannot be aroused sexually (finding)
Decreased sexual function	CUI=C0549622	PREF=Decreased sexual function
Decreased sexual function (finding)	CUI=C0549622	PREF=Decreased sexual function (finding)
Defective ejaculation	CUI=C2937350	PREF=Defective ejaculation
Disord of sexual preference	CUI=C0935617	PREF=Disord of sexual preference
Disorder of penis	CUI=C0030846	PREF=Disorder of penis
disorder of penis (diagnosis)	CUI=C0030846	PREF=disorder of penis (diagnosis)
Disorder of penis (disorder)	CUI=C0030846	PREF=Disorder of penis (disorder)
Disorder of penis, NOS	CUI=C0030846	PREF=Disorder of penis, NOS
Disorder of penis, unspecified	CUI=C0030846	PREF=Disorder of penis, unspecified
dyspareunia not due to physical condition	CUI=C0154466	PREF=dyspareunia not due to physical condition
Ejaculates too soon	CUI=C0033038	PREF=Ejaculates too soon
Ejaculatio deficiens	CUI=C2937350	PREF=Ejaculatio deficiens
Ejaculatio deficiens	CUI=C0151612	PREF=Ejaculatio deficiens
Ejaculatio praecox	CUI=C0033038	PREF=Ejaculatio praecox
EJACULATION PREMATURE	CUI=C0033038	PREF=EJACULATION PREMATURE
Failure of genital response	CUI=C0349258	PREF=Failure of genital response
Failure of genital response (finding)	CUI=C0349258	PREF=Failure of genital response (finding)
female hypoactive sexual desire due to physical condition	CUI=C2063826	PREF=female hypoactive sexual desire due to physical condition
female hypoactive sexual desire due to physical condition (diagnosis)	CUI=C2063826	PREF=female hypoactive sexual desire due to physical condition (diagnosis)
female sexual dysfunction due to physical condition	CUI=C2236798	PREF=female sexual dysfunction due to physical condition
female sexual dysfunction due to physical condition (diagnosis)	CUI=C2236798	PREF=female sexual dysfunction due to physical condition (diagnosis)
Genitalia, sexual function and urinary tract observations	CUI=C0455937	PREF=Genitalia, sexual function and urinary tract observations
Genitalia, sexual function and urinary tract observations (finding)	CUI=C0455937	PREF=Genitalia, sexual function and urinary tract observations (finding)
Genitalia, sexual function and urinary tract observations (navigational concept)	CUI=C0455937	PREF=Genitalia, sexual function and urinary tract observations (navigational concept)
H/O: sexual function problem	CUI=C1737772	PREF=H/O: sexual function problem
H/O: sexual function problem	CUI=C0559168	PREF=H/O: sexual function problem
H/O: sexual function problem (& [male])	CUI=C0559168	PREF=H/O: sexual function problem (& [male])
H/O: sexual function problem (& [male]) (situation)	CUI=C0559168	PREF=H/O: sexual function problem (& [male]) (situation)
H/O:sexual problem - female	CUI=C0555785	PREF=H/O:sexual problem - female
Impaired sexual function	CUI=C0549622	PREF=Impaired sexual function
impotence (psychogenic)	CUI=C0234016	PREF=impotence (psychogenic)
inhibited sexual excitement	CUI=C2062777	PREF=inhibited sexual excitement
inhibited sexual excitement (diagnosis)	CUI=C2062777	PREF=inhibited sexual excitement (diagnosis)
Lack of erotic interest	CUI=C0020594	PREF=Lack of erotic interest
Lack of erotic interest (finding)	CUI=C0020594	PREF=Lack of erotic interest (finding)
Lack or loss of sexual desire	CUI=C0020594	PREF=Lack or loss of sexual desire
Lack or loss of sexual desire (disorder)	CUI=C0020594	PREF=Lack or loss of sexual desire (disorder)
male dyspareunia	CUI=C0234038	PREF=male dyspareunia
male dyspareunia (diagnosis)	CUI=C0234038	PREF=male dyspareunia (diagnosis)
male erectile disorder due to physical condition	CUI=C2063828	PREF=male erectile disorder due to physical condition
male erectile disorder due to physical condition (diagnosis)	CUI=C2063828	PREF=male erectile disorder due to physical condition (diagnosis)
male hypoactive sexual desire due to physical condition	CUI=C2063827	PREF=male hypoactive sexual desire due to physical condition
male hypoactive sexual desire due to physical condition (diagnosis)	CUI=C2063827	PREF=male hypoactive sexual desire due to physical condition (diagnosis)
Male sexual dysfunction	CUI=C0278097	PREF=Male sexual dysfunction
male sexual dysfunction due to physical condition	CUI=C2216485	PREF=male sexual dysfunction due to physical condition
male sexual dysfunction due to physical condition (diagnosis)	CUI=C2216485	PREF=male sexual dysfunction due to physical condition (diagnosis)
Male sexual function	CUI=C0278095	PREF=Male sexual function
Male sexual function (function)	CUI=C0278095	PREF=Male sexual function (function)
Male sexual function (observable entity)	CUI=C0278095	PREF=Male sexual function (observable entity)
Non-arousal	CUI=C0425736	PREF=Non-arousal
Non-organic dyspareunia	CUI=C0154466	PREF=Non-organic dyspareunia
Non-organic dyspareunia (disorder)	CUI=C0154466	PREF=Non-organic dyspareunia (disorder)
Non-organic sexual dysfunction	CUI=C0033953	PREF=Non-organic sexual dysfunction
Non-organic vaginismus	CUI=C0042266	PREF=Non-organic vaginismus
Non-organic vaginismus (disorder)	CUI=C0042266	PREF=Non-organic vaginismus (disorder)
Nonorganic dyspareunia	CUI=C0154466	PREF=Nonorganic dyspareunia
Nonorganic vaginismus	CUI=C0042266	PREF=Nonorganic vaginismus
Normal female sexual function	CUI=C0278099	PREF=Normal female sexual function
Normal female sexual function (finding)	CUI=C0278099	PREF=Normal female sexual function (finding)
Normal sexual function	CUI=C2712178	PREF=Normal sexual function
Normal sexual function (finding)	CUI=C2712178	PREF=Normal sexual function (finding)
Observation of sexual function	CUI=C0577267	PREF=Observation of sexual function
Orgasm disorder	CUI=C0029261	PREF=Orgasm disorder
Orgasm disorder (disorder)	CUI=C0029261	PREF=Orgasm disorder (disorder)
Orgasm disorder, NOS	CUI=C0029261	PREF=Orgasm disorder, NOS
Orgasm impairment	CUI=C0233998	PREF=Orgasm impairment
Orgasm impairment (finding)	CUI=C0233998	PREF=Orgasm impairment (finding)
Orgasm incapacity	CUI=C0234022	PREF=Orgasm incapacity
Orgasm incapacity (finding)	CUI=C0234022	PREF=Orgasm incapacity (finding)
Orgasmic Disorder	CUI=C0029261	PREF=Orgasmic Disorder
orgasmic disorder (diagnosis)	CUI=C0029261	PREF=orgasmic disorder (diagnosis)
Orgasmic dysfunction	CUI=C0029261	PREF=Orgasmic dysfunction
Painful sexual act of male	CUI=C0234038	PREF=Painful sexual act of male
Painful sexual act of male (finding)	CUI=C0234038	PREF=Painful sexual act of male (finding)
Premature ejaculation	CUI=C0033038	PREF=Premature ejaculation
premature ejaculation (diagnosis)	CUI=C0033038	PREF=premature ejaculation (diagnosis)
Premature ejaculation (disorder)	CUI=C0033038	PREF=Premature ejaculation (disorder)
Premature ejaculation (finding)	CUI=C0033038	PREF=Premature ejaculation (finding)
premature ejaculation (symptom)	CUI=C0033038	PREF=premature ejaculation (symptom)
Premature orgasm - male	CUI=C0033038	PREF=Premature orgasm - male
Problem with sexual function	CUI=C0260667	PREF=Problem with sexual function
Sexual arousal disorder	CUI=C0036902	PREF=Sexual arousal disorder
Sexual arousal disorder (disorder)	CUI=C0036902	PREF=Sexual arousal disorder (disorder)
Sexual arousal disorder, NOS	CUI=C0036902	PREF=Sexual arousal disorder, NOS
Sexual aversion	CUI=C0036903	PREF=Sexual aversion
Sexual aversion (finding)	CUI=C0036903	PREF=Sexual aversion (finding)
Sexual aversion disorder	CUI=C0036903	PREF=Sexual aversion disorder
sexual aversion disorder (diagnosis)	CUI=C0036903	PREF=sexual aversion disorder (diagnosis)
Sexual aversion disorder (disorder)	CUI=C0036903	PREF=Sexual aversion disorder (disorder)
Sexual disorder	CUI=C0549622	PREF=Sexual disorder
sexual disorder (diagnosis)	CUI=C0549622	PREF=sexual disorder (diagnosis)
Sexual disorder (disorder)	CUI=C0549622	PREF=Sexual disorder (disorder)
Sexual Dysfunction	CUI=C0549622	PREF=Sexual Dysfunction
sexual dysfunction (diagnosis)	CUI=C0549622	PREF=sexual dysfunction (diagnosis)
Sexual dysfunction (disorder)	CUI=C0549622	PREF=Sexual dysfunction (disorder)
Sexual dysfunction (finding)	CUI=C0549622	PREF=Sexual dysfunction (finding)
Sexual dysfunction NOS	CUI=C0549622	PREF=Sexual dysfunction NOS
Sexual dysfunction, NOS	CUI=C0549622	PREF=Sexual dysfunction, NOS
Sexual dysfunction, unspecified	CUI=C0549622	PREF=Sexual dysfunction, unspecified
Sexual function	CUI=C0278092	PREF=Sexual function
Sexual function (function)	CUI=C0278092	PREF=Sexual function (function)
Sexual function (observable entity)	CUI=C0278092	PREF=Sexual function (observable entity)
SEXUAL FUNCTION ABNORMAL	CUI=C0549622	PREF=SEXUAL FUNCTION ABNORMAL
SEXUAL FUNCTION ABNORMAL	CUI=C0549622	PREF=SEXUAL FUNCTION ABNORMAL
Sexual function observable	CUI=C1286032	PREF=Sexual function observable
Sexual function observable (observable entity)	CUI=C1286032	PREF=Sexual function observable (observable entity)
Sexual function painful	CUI=C0423748	PREF=Sexual function painful
Sexual function painful (finding)	CUI=C0423748	PREF=Sexual function painful (finding)
Sexual function problems	CUI=C0260667	PREF=Sexual function problems
Sexual function test	CUI=C0456964	PREF=Sexual function test
Sexual function test (procedure)	CUI=C0456964	PREF=Sexual function test (procedure)
Sexual function, NOS	CUI=C0278092	PREF=Sexual function, NOS
Sexual functioning status	CUI=C1321067	PREF=Sexual functioning status
Sexual functioning status (observable entity)	CUI=C1321067	PREF=Sexual functioning status (observable entity)
Sexual inadequacy	CUI=C0233997	PREF=Sexual inadequacy
Sexual inadequacy (finding)	CUI=C0233997	PREF=Sexual inadequacy (finding)
Sexual pain disorder	CUI=C0036910	PREF=Sexual pain disorder
Sexual pain disorder (disorder)	CUI=C0036910	PREF=Sexual pain disorder (disorder)
Sexual pain disorder (finding)	CUI=C0036910	PREF=Sexual pain disorder (finding)
Sexual pain disorder, NOS	CUI=C0036910	PREF=Sexual pain disorder, NOS
	CUI=	PREF=
