Fothergill's neuralgia	CUI=C0040997	PREF=Fothergill's neuralgia
Fothergill's neuralgia	CUI=C0040997	PREF=Fothergill's neuralgia
H/O: trigeminal neuralgia	CUI=C0455513	PREF=H/O: trigeminal neuralgia
H/O: trigeminal neuralgia (situation)	CUI=C0455513	PREF=H/O: trigeminal neuralgia (situation)
History of - trigeminal neuralgia	CUI=C0455513	PREF=History of - trigeminal neuralgia
History of - trigeminal neuralgia (context-dependent category)	CUI=C0455513	PREF=History of - trigeminal neuralgia (context-dependent category)
History of - trigeminal neuralgia (situation)	CUI=C0455513	PREF=History of - trigeminal neuralgia (situation)
History of trigeminal neuralgia	CUI=C0455513	PREF=History of trigeminal neuralgia
History of trigeminal neuralgia (situation)	CUI=C0455513	PREF=History of trigeminal neuralgia (situation)
left trigeminal neuralgia	CUI=C3863028	PREF=left trigeminal neuralgia
left trigeminal neuralgia	CUI=C3863028	PREF=left trigeminal neuralgia
left trigeminal neuralgia (diagnosis)	CUI=C3863028	PREF=left trigeminal neuralgia (diagnosis)
left trigeminal neuralgia (diagnosis)	CUI=C3863028	PREF=left trigeminal neuralgia (diagnosis)
Left trigeminal neuralgia (disorder)	CUI=C3863028	PREF=Left trigeminal neuralgia (disorder)
Left trigeminal neuralgia (disorder)	CUI=C3863028	PREF=Left trigeminal neuralgia (disorder)
Other specified trigeminal neuralgia	CUI=C0423705	PREF=Other specified trigeminal neuralgia
Other specified trigeminal neuralgia (disorder)	CUI=C0423705	PREF=Other specified trigeminal neuralgia (disorder)
Other trigeminal neuralgia	CUI=C0859671	PREF=Other trigeminal neuralgia
Peripheral neuralgia	CUI=C0031121	PREF=Peripheral neuralgia
Peripheral neuralgia (disorder)	CUI=C0031121	PREF=Peripheral neuralgia (disorder)
right trigeminal neuralgia (diagnosis)	CUI=C3862458	PREF=right trigeminal neuralgia (diagnosis)
Right trigeminal neuralgia (disorder)	CUI=C3862458	PREF=Right trigeminal neuralgia (disorder)
Secondary trigeminal neuralgia	CUI=C0393787	PREF=Secondary trigeminal neuralgia
Secondary trigeminal neuralgia	CUI=C0393787	PREF=Secondary trigeminal neuralgia
Secondary trigeminal neuralgia (disorder)	CUI=C0393787	PREF=Secondary trigeminal neuralgia (disorder)
Tic douloureux	CUI=C0040997	PREF=Tic douloureux
TN - Trigeminal neuralgia	CUI=C0040997	PREF=TN - Trigeminal neuralgia
Trifacial neuralgia	CUI=C0040997	PREF=Trifacial neuralgia
TRIGEMINAL NEURALGIA	CUI=C0040997	PREF=TRIGEMINAL NEURALGIA
Trigeminal neuralgia (diagnosis)	CUI=C0040997	PREF=Trigeminal neuralgia (diagnosis)
Trigeminal neuralgia (disorder)	CUI=C0040997	PREF=Trigeminal neuralgia (disorder)
Trigeminal neuralgia [no drugs here]	CUI=C0040997	PREF=Trigeminal neuralgia [no drugs here]
Trigeminal neuralgia [no drugs here] (disorder)	CUI=C0040997	PREF=Trigeminal neuralgia [no drugs here] (disorder)
trigeminal neuralgia left	CUI=C3863028	PREF=trigeminal neuralgia left
Trigeminal neuralgia NOS	CUI=C0040997	PREF=Trigeminal neuralgia NOS
Trigeminal neuralgia NOS (disorder)	CUI=C0040997	PREF=Trigeminal neuralgia NOS (disorder)
Trigeminal neuralgia OS	CUI=C0423705	PREF=Trigeminal neuralgia OS
trigeminal neuralgia right	CUI=C3862458	PREF=trigeminal neuralgia right
Trigeminal neuralgia, NOS	CUI=C0040997	PREF=Trigeminal neuralgia, NOS
