Ability to initiate walking	CUI=C0560086	PREF=Ability to initiate walking
Ability to initiate walking (observable entity)	CUI=C0560086	PREF=Ability to initiate walking (observable entity)
Ability to start and stop walking spontaneously	CUI=C0560098	PREF=Ability to start and stop walking spontaneously
Ability to start and stop walking spontaneously (observable entity)	CUI=C0560098	PREF=Ability to start and stop walking spontaneously (observable entity)
Ability to stop walking	CUI=C0560092	PREF=Ability to stop walking
Ability to stop walking (observable entity)	CUI=C0560092	PREF=Ability to stop walking (observable entity)
Able start/stop walking spont	CUI=C0560099	PREF=Able start/stop walking spont
Able to initiate walking	CUI=C0560087	PREF=Able to initiate walking
Able to initiate walking (finding)	CUI=C0560087	PREF=Able to initiate walking (finding)
Able to start and stop walking spontaneously	CUI=C0560099	PREF=Able to start and stop walking spontaneously
Able to start and stop walking spontaneously (finding)	CUI=C0560099	PREF=Able to start and stop walking spontaneously (finding)
Able to stop walking	CUI=C0560093	PREF=Able to stop walking
Able to stop walking (finding)	CUI=C0560093	PREF=Able to stop walking (finding)
Abnormal eyes closed straight line walking test	CUI=C0522235	PREF=Abnormal eyes closed straight line walking test
Abnormal eyes closed straight line walking test (finding)	CUI=C0522235	PREF=Abnormal eyes closed straight line walking test (finding)
Abnormal straight line walking test	CUI=C0522232	PREF=Abnormal straight line walking test
Abnormal straight line walking test (finding)	CUI=C0522232	PREF=Abnormal straight line walking test (finding)
abnormality of walk heel walking	CUI=C2243016	PREF=abnormality of walk heel walking
abnormality of walk heel walking (symptom)	CUI=C2243016	PREF=abnormality of walk heel walking (symptom)
abnormality of walk toe walking	CUI=C0427144	PREF=abnormality of walk toe walking
abnormality of walk toe walking (symptom)	CUI=C0427144	PREF=abnormality of walk toe walking (symptom)
ambulation with walking aid	CUI=C3695267	PREF=ambulation with walking aid
ambulation with walking aid (physical finding)	CUI=C3695267	PREF=ambulation with walking aid (physical finding)
ankle pain worse with walking	CUI=C2128658	PREF=ankle pain worse with walking
ankle pain worse with walking (symptom)	CUI=C2128658	PREF=ankle pain worse with walking (symptom)
Balance during transitions and walking	CUI=C2707032	PREF=Balance during transitions and walking
Casual walking	CUI=C3843786	PREF=Casual walking
Dependance on walking stick	CUI=C0524378	PREF=Dependance on walking stick
Dependance on walking stick (finding)	CUI=C0524378	PREF=Dependance on walking stick (finding)
Dependence on walking stick	CUI=C0524378	PREF=Dependence on walking stick
Dependence on walking stick (finding)	CUI=C0524378	PREF=Dependence on walking stick (finding)
Dependent for walking	CUI=C1961026	PREF=Dependent for walking
Dependent for walking (finding)	CUI=C1961026	PREF=Dependent for walking (finding)
Difficulties walking and running	CUI=C1866014	PREF=Difficulties walking and running
Difficulty in heel-to-toe walking	CUI=C0560115	PREF=Difficulty in heel-to-toe walking
Difficulty in toe walking	CUI=C1850809	PREF=Difficulty in toe walking
Difficulty in walking	CUI=C0311394	PREF=Difficulty in walking
difficulty in walking (diagnosis)	CUI=C0311394	PREF=difficulty in walking (diagnosis)
Difficulty in walking (finding)	CUI=C0311394	PREF=Difficulty in walking (finding)
difficulty in walking involving ankle or foot	CUI=C2183424	PREF=difficulty in walking involving ankle or foot
difficulty in walking involving ankle or foot (diagnosis)	CUI=C2183424	PREF=difficulty in walking involving ankle or foot (diagnosis)
Difficulty in walking involving joint, site unspecified	CUI=C0375493	PREF=Difficulty in walking involving joint, site unspecified
difficulty in walking involving knee, patella, tibia, or fibula	CUI=C2183456	PREF=difficulty in walking involving knee, patella, tibia, or fibula
difficulty in walking involving knee, patella, tibia, or fibula (diagnosis)	CUI=C2183456	PREF=difficulty in walking involving knee, patella, tibia, or fibula (diagnosis)
Difficulty in walking involving lower leg joint	CUI=C0158217	PREF=Difficulty in walking involving lower leg joint
difficulty in walking involving multiple joints	CUI=C2183425	PREF=difficulty in walking involving multiple joints
difficulty in walking involving multiple joints (diagnosis)	CUI=C2183425	PREF=difficulty in walking involving multiple joints (diagnosis)
difficulty in walking involving pelvis, hip, or femur	CUI=C2183426	PREF=difficulty in walking involving pelvis, hip, or femur
difficulty in walking involving pelvis, hip, or femur (diagnosis)	CUI=C2183426	PREF=difficulty in walking involving pelvis, hip, or femur (diagnosis)
Difficulty in walking NOS	CUI=C0311394	PREF=Difficulty in walking NOS
Difficulty in walking NOS (finding)	CUI=C0311394	PREF=Difficulty in walking NOS (finding)
Difficulty in walking, NEC	CUI=C0478127	PREF=Difficulty in walking, NEC
Difficulty in walking, NEC in SNOMEDCT	CUI=C0478127	PREF=Difficulty in walking, NEC in SNOMEDCT
Difficulty in walking, not elsewhere classified	CUI=C0869084	PREF=Difficulty in walking, not elsewhere classified
Difficulty in walking, not elsewhere classified	CUI=C0478127	PREF=Difficulty in walking, not elsewhere classified
Difficulty walking	CUI=C0311394	PREF=Difficulty walking
Difficulty walking (finding)	CUI=C0311394	PREF=Difficulty walking (finding)
difficulty walking (symptom)	CUI=C0311394	PREF=difficulty walking (symptom)
Difficulty walking and climbing stairs	CUI=C1970213	PREF=Difficulty walking and climbing stairs
Difficulty walking and running	CUI=C1866014	PREF=Difficulty walking and running
Difficulty walking down a slope	CUI=C0560065	PREF=Difficulty walking down a slope
Difficulty walking down a slope (finding)	CUI=C0560065	PREF=Difficulty walking down a slope (finding)
Difficulty walking down hill	CUI=C0580820	PREF=Difficulty walking down hill
Difficulty walking down hill (finding)	CUI=C0580820	PREF=Difficulty walking down hill (finding)
Difficulty walking down slope	CUI=C0560065	PREF=Difficulty walking down slope
Difficulty walking down stairs	CUI=C0560085	PREF=Difficulty walking down stairs
Difficulty walking down stairs (finding)	CUI=C0560085	PREF=Difficulty walking down stairs (finding)
Difficulty walking down step	CUI=C0560075	PREF=Difficulty walking down step
Difficulty walking down step (finding)	CUI=C0560075	PREF=Difficulty walking down step (finding)
Difficulty walking downhill	CUI=C0580820	PREF=Difficulty walking downhill
Difficulty walking heel to toe	CUI=C0560115	PREF=Difficulty walking heel to toe
Difficulty walking heel to toe (finding)	CUI=C0560115	PREF=Difficulty walking heel to toe (finding)
Difficulty walking in corridor	CUI=C4074978	PREF=Difficulty walking in corridor
Difficulty walking in corridor (finding)	CUI=C4074978	PREF=Difficulty walking in corridor (finding)
Difficulty walking in room	CUI=C4074928	PREF=Difficulty walking in room
Difficulty walking in room (finding)	CUI=C4074928	PREF=Difficulty walking in room (finding)
Difficulty walking on a narrow line	CUI=C0560109	PREF=Difficulty walking on a narrow line
Difficulty walking on a narrow line (finding)	CUI=C0560109	PREF=Difficulty walking on a narrow line (finding)
Difficulty walking on flat surfaces	CUI=C0560053	PREF=Difficulty walking on flat surfaces
Difficulty walking on heels	CUI=C3551015	PREF=Difficulty walking on heels
Difficulty walking on heels occurs prior to difficulty walking on toes	CUI=C1866015	PREF=Difficulty walking on heels occurs prior to difficulty walking on toes
Difficulty walking on the flat	CUI=C0560053	PREF=Difficulty walking on the flat
Difficulty walking on the flat (finding)	CUI=C0560053	PREF=Difficulty walking on the flat (finding)
Difficulty walking on uneven surface	CUI=C4074937	PREF=Difficulty walking on uneven surface
Difficulty walking on uneven surface (finding)	CUI=C4074937	PREF=Difficulty walking on uneven surface (finding)
difficulty walking on uneven surfaces	CUI=C2128352	PREF=difficulty walking on uneven surfaces
difficulty walking on uneven surfaces (symptom)	CUI=C2128352	PREF=difficulty walking on uneven surfaces (symptom)
difficulty walking unassisted	CUI=C2183457	PREF=difficulty walking unassisted
difficulty walking unassisted (history)	CUI=C2183457	PREF=difficulty walking unassisted (history)
Difficulty walking up a slope	CUI=C0560059	PREF=Difficulty walking up a slope
Difficulty walking up a slope (finding)	CUI=C0560059	PREF=Difficulty walking up a slope (finding)
Difficulty walking up hill	CUI=C0580814	PREF=Difficulty walking up hill
Difficulty walking up hill (finding)	CUI=C0580814	PREF=Difficulty walking up hill (finding)
Difficulty walking up stairs	CUI=C0239067	PREF=Difficulty walking up stairs
Difficulty walking up stairs (finding)	CUI=C0239067	PREF=Difficulty walking up stairs (finding)
Difficulty walking up step	CUI=C0560070	PREF=Difficulty walking up step
Difficulty walking up step (finding)	CUI=C0560070	PREF=Difficulty walking up step (finding)
Difficulty walking uphill	CUI=C0580814	PREF=Difficulty walking uphill
Difficulty walking, running	CUI=C1866014	PREF=Difficulty walking, running
Difficulty walking, running, climbing stairs	CUI=C1836377	PREF=Difficulty walking, running, climbing stairs
Disequilibrium when walking	CUI=C0231686	PREF=Disequilibrium when walking
distance of walking limitation	CUI=C2197730	PREF=distance of walking limitation
distance of walking limitation (physical finding)	CUI=C2197730	PREF=distance of walking limitation (physical finding)
dizziness when walking up stairs	CUI=C2198900	PREF=dizziness when walking up stairs
dizziness when walking up stairs (symptom)	CUI=C2198900	PREF=dizziness when walking up stairs (symptom)
Does initiate walking	CUI=C0560089	PREF=Does initiate walking
Does initiate walking (finding)	CUI=C0560089	PREF=Does initiate walking (finding)
Does not initiate walking	CUI=C0560090	PREF=Does not initiate walking
does not initiate walking (diagnosis)	CUI=C0560090	PREF=does not initiate walking (diagnosis)
Does not initiate walking (finding)	CUI=C0560090	PREF=Does not initiate walking (finding)
Does not start and stop walking spontaneously	CUI=C0560102	PREF=Does not start and stop walking spontaneously
Does not start and stop walking spontaneously (finding)	CUI=C0560102	PREF=Does not start and stop walking spontaneously (finding)
Does not stop walking	CUI=C0560096	PREF=Does not stop walking
Does not stop walking (finding)	CUI=C0560096	PREF=Does not stop walking (finding)
Does start and stop walking spontaneously	CUI=C0560101	PREF=Does start and stop walking spontaneously
Does start and stop walking spontaneously (finding)	CUI=C0560101	PREF=Does start and stop walking spontaneously (finding)
Does start/stop walking spont	CUI=C0560101	PREF=Does start/stop walking spont
Does stop walking	CUI=C0560095	PREF=Does stop walking
Does stop walking (finding)	CUI=C0560095	PREF=Does stop walking (finding)
Does use walking aid when standing alone	CUI=C4304285	PREF=Does use walking aid when standing alone
Does use walking aid when standing alone (finding)	CUI=C4304285	PREF=Does use walking aid when standing alone (finding)
Does walking down a sidewalk increase your problem	CUI=C3260705	PREF=Does walking down a sidewalk increase your problem
drags left foot when walking	CUI=C2199005	PREF=drags left foot when walking
drags left foot when walking (symptom)	CUI=C2199005	PREF=drags left foot when walking (symptom)
drags left foot when walking as symptom	CUI=C2199005	PREF=drags left foot when walking as symptom
drags one foot when walking	CUI=C2199006	PREF=drags one foot when walking
drags one foot when walking (symptom)	CUI=C2199006	PREF=drags one foot when walking (symptom)
drags one foot when walking as symptom	CUI=C2199006	PREF=drags one foot when walking as symptom
drags right foot when walking	CUI=C2199007	PREF=drags right foot when walking
drags right foot when walking (symptom)	CUI=C2199007	PREF=drags right foot when walking (symptom)
drags right foot when walking as symptom	CUI=C2199007	PREF=drags right foot when walking as symptom
dyspnea while walking inside	CUI=C2183406	PREF=dyspnea while walking inside
dyspnea while walking on level ground	CUI=C2183407	PREF=dyspnea while walking on level ground
dyspnea while walking up steps and hills	CUI=C2183408	PREF=dyspnea while walking up steps and hills
Fall while walking	CUI=C3845796	PREF=Fall while walking
Fear of walking	CUI=C0558200	PREF=Fear of walking
Fear of walking (finding)	CUI=C0558200	PREF=Fear of walking (finding)
Feature of turning balance when walking	CUI=C1285616	PREF=Feature of turning balance when walking
Feature of turning balance when walking (observable entity)	CUI=C1285616	PREF=Feature of turning balance when walking (observable entity)
Feature of walking balance	CUI=C1285615	PREF=Feature of walking balance
Feature of walking balance (observable entity)	CUI=C1285615	PREF=Feature of walking balance (observable entity)
Finding of gait with walking aid	CUI=C0427136	PREF=Finding of gait with walking aid
Finding of gait with walking aid (finding)	CUI=C0427136	PREF=Finding of gait with walking aid (finding)
Finding of primary walking reaction	CUI=C1287759	PREF=Finding of primary walking reaction
Finding of primary walking reaction (finding)	CUI=C1287759	PREF=Finding of primary walking reaction (finding)
Finding of turning balance when walking	CUI=C0575086	PREF=Finding of turning balance when walking
Finding of turning balance when walking (finding)	CUI=C0575086	PREF=Finding of turning balance when walking (finding)
Finding of walking	CUI=C0584814	PREF=Finding of walking
Finding of walking (finding)	CUI=C0584814	PREF=Finding of walking (finding)
Finding of walking aid use	CUI=C1286783	PREF=Finding of walking aid use
Finding of walking aid use (finding)	CUI=C1286783	PREF=Finding of walking aid use (finding)
Finding of walking balance	CUI=C0575085	PREF=Finding of walking balance
Finding of walking balance (finding)	CUI=C0575085	PREF=Finding of walking balance (finding)
Finding of walking distance	CUI=C1286400	PREF=Finding of walking distance
Finding of walking distance (finding)	CUI=C1286400	PREF=Finding of walking distance (finding)
Finding related to ability to initiate walking	CUI=C1286393	PREF=Finding related to ability to initiate walking
Finding related to ability to initiate walking (finding)	CUI=C1286393	PREF=Finding related to ability to initiate walking (finding)
Finding related to ability to start and stop walking spontaneously	CUI=C1286395	PREF=Finding related to ability to start and stop walking spontaneously
Finding related to ability to start and stop walking spontaneously (finding)	CUI=C1286395	PREF=Finding related to ability to start and stop walking spontaneously (finding)
Finding related to ability to stop walking	CUI=C1286394	PREF=Finding related to ability to stop walking
Finding related to ability to stop walking (finding)	CUI=C1286394	PREF=Finding related to ability to stop walking (finding)
Finding related to walking	CUI=C0584814	PREF=Finding related to walking
foot pain feels like walking on a pebble	CUI=C2126203	PREF=foot pain feels like walking on a pebble
foot pain feels like walking on a pebble (symptom)	CUI=C2126203	PREF=foot pain feels like walking on a pebble (symptom)
foot pain worsens with walking	CUI=C2128661	PREF=foot pain worsens with walking
foot pain worsens with walking (symptom)	CUI=C2128661	PREF=foot pain worsens with walking (symptom)
foot turned in while walking	CUI=C2128593	PREF=foot turned in while walking
foot turned in while walking (symptom)	CUI=C2128593	PREF=foot turned in while walking (symptom)
foot turns out while walking	CUI=C2128589	PREF=foot turns out while walking
foot turns out while walking (symptom)	CUI=C2128589	PREF=foot turns out while walking (symptom)
Found walking	CUI=C1997017	PREF=Found walking
Found walking (finding)	CUI=C1997017	PREF=Found walking (finding)
frequent falls to left while walking	CUI=C2008804	PREF=frequent falls to left while walking
frequent falls to left while walking (symptom)	CUI=C2008804	PREF=frequent falls to left while walking (symptom)
frequent falls to right while walking	CUI=C2008805	PREF=frequent falls to right while walking
frequent falls to right while walking (symptom)	CUI=C2008805	PREF=frequent falls to right while walking (symptom)
frequent falls while walking	CUI=C2008806	PREF=frequent falls while walking
frequent falls while walking (symptom)	CUI=C2008806	PREF=frequent falls while walking (symptom)
functional independence measure for walking	CUI=C2009174	PREF=functional independence measure for walking
functional independence measure for walking (physical finding)	CUI=C2009174	PREF=functional independence measure for walking (physical finding)
Gait with walking aid	CUI=C0427136	PREF=Gait with walking aid
Gait with walking aid - finding	CUI=C0427136	PREF=Gait with walking aid - finding
General finding of walking	CUI=C0584817	PREF=General finding of walking
General finding of walking (finding)	CUI=C0584817	PREF=General finding of walking (finding)
General observation of walking	CUI=C0584817	PREF=General observation of walking
heel walking	CUI=C2243016	PREF=heel walking
heel walking (physical finding)	CUI=C2243016	PREF=heel walking (physical finding)
hip joint pain improved by walking aids	CUI=C2031172	PREF=hip joint pain improved by walking aids
hip joint pain improved by walking aids (symptom)	CUI=C2031172	PREF=hip joint pain improved by walking aids (symptom)
Impaired heel-walking	CUI=C4015042	PREF=Impaired heel-walking
Impaired toe-walking	CUI=C4015041	PREF=Impaired toe-walking
Impaired walking	CUI=C0311394	PREF=Impaired walking
Impaired walking	CUI=C0311394	PREF=Impaired walking
Independent walking	CUI=C0429979	PREF=Independent walking
Independent walking (finding)	CUI=C0429979	PREF=Independent walking (finding)
Independent walking may not be achieved	CUI=C2750415	PREF=Independent walking may not be achieved
Independent walking never achieved	CUI=C3809010	PREF=Independent walking never achieved
Initiates walking	CUI=C0560089	PREF=Initiates walking
Initiation of walking	CUI=C0427125	PREF=Initiation of walking
joint pain ankle worse with weightbearing walking	CUI=C2128658	PREF=joint pain ankle worse with weightbearing walking
joint pain in left fourth toe worsens while walking	CUI=C2108727	PREF=joint pain in left fourth toe worsens while walking
joint pain in left fourth toe worsens while walking (symptom)	CUI=C2108727	PREF=joint pain in left fourth toe worsens while walking (symptom)
joint pain in left great toe worsens while walking	CUI=C2108735	PREF=joint pain in left great toe worsens while walking
joint pain in left great toe worsens while walking (symptom)	CUI=C2108735	PREF=joint pain in left great toe worsens while walking (symptom)
joint pain in left little toe worsens while walking	CUI=C2108743	PREF=joint pain in left little toe worsens while walking
joint pain in left little toe worsens while walking (symptom)	CUI=C2108743	PREF=joint pain in left little toe worsens while walking (symptom)
joint pain in left middle toe worsens while walking	CUI=C2108750	PREF=joint pain in left middle toe worsens while walking
joint pain in left middle toe worsens while walking (symptom)	CUI=C2108750	PREF=joint pain in left middle toe worsens while walking (symptom)
joint pain in left second toe worsens while walking	CUI=C2108757	PREF=joint pain in left second toe worsens while walking
joint pain in left second toe worsens while walking (symptom)	CUI=C2108757	PREF=joint pain in left second toe worsens while walking (symptom)
joint pain in right fourth toe worsens while walking	CUI=C2108764	PREF=joint pain in right fourth toe worsens while walking
joint pain in right fourth toe worsens while walking (symptom)	CUI=C2108764	PREF=joint pain in right fourth toe worsens while walking (symptom)
joint pain in right great toe worsens while walking	CUI=C2108772	PREF=joint pain in right great toe worsens while walking
joint pain in right great toe worsens while walking (symptom)	CUI=C2108772	PREF=joint pain in right great toe worsens while walking (symptom)
joint pain in right little toe worsens while walking	CUI=C2108779	PREF=joint pain in right little toe worsens while walking
joint pain in right little toe worsens while walking (symptom)	CUI=C2108779	PREF=joint pain in right little toe worsens while walking (symptom)
joint pain in right middle toe worsens while walking	CUI=C2108786	PREF=joint pain in right middle toe worsens while walking
joint pain in right middle toe worsens while walking (symptom)	CUI=C2108786	PREF=joint pain in right middle toe worsens while walking (symptom)
joint pain in right second toe worsens while walking	CUI=C2108793	PREF=joint pain in right second toe worsens while walking
joint pain in right second toe worsens while walking (symptom)	CUI=C2108793	PREF=joint pain in right second toe worsens while walking (symptom)
knee joint pain only while walking	CUI=C2108919	PREF=knee joint pain only while walking
knee joint pain only with walking	CUI=C2108919	PREF=knee joint pain only with walking
knee joint pain only with walking (symptom)	CUI=C2108919	PREF=knee joint pain only with walking (symptom)
knee joint pain relieved by walking with foot rotated outward	CUI=C2108920	PREF=knee joint pain relieved by walking with foot rotated outward
knee joint pain relieved by walking with foot rotated outward (symptom)	CUI=C2108920	PREF=knee joint pain relieved by walking with foot rotated outward (symptom)
knee joint pain relieved by walking with the foot rotated outward	CUI=C2108920	PREF=knee joint pain relieved by walking with the foot rotated outward
knee pain improved by walking aids	CUI=C2110476	PREF=knee pain improved by walking aids
knee pain improved by walking aids (symptom)	CUI=C2110476	PREF=knee pain improved by walking aids (symptom)
knee pain only while walking	CUI=C2108919	PREF=knee pain only while walking
knee pain relieved by walking with foot rotated outward	CUI=C2108920	PREF=knee pain relieved by walking with foot rotated outward
knee pain worse with walking	CUI=C2110502	PREF=knee pain worse with walking
knee pain worse with walking (symptom)	CUI=C2110502	PREF=knee pain worse with walking (symptom)
knee suddenly buckled walking on uneven ground	CUI=C2110632	PREF=knee suddenly buckled walking on uneven ground
knee suddenly buckled walking on uneven ground (symptom)	CUI=C2110632	PREF=knee suddenly buckled walking on uneven ground (symptom)
Lack of independent sitting or walking	CUI=C4014348	PREF=Lack of independent sitting or walking
Lack of independent walking (in some patients)	CUI=C3554210	PREF=Lack of independent walking (in some patients)
left foot turned in while walking	CUI=C2128595	PREF=left foot turned in while walking
left foot turned in while walking (symptom)	CUI=C2128595	PREF=left foot turned in while walking (symptom)
left foot turns out while walking	CUI=C2128591	PREF=left foot turns out while walking
left foot turns out while walking (symptom)	CUI=C2128591	PREF=left foot turns out while walking (symptom)
left fourth toe joint pain worse while walking	CUI=C2108727	PREF=left fourth toe joint pain worse while walking
left great toe joint pain worse while walking	CUI=C2108735	PREF=left great toe joint pain worse while walking
left heel pain worst with first few steps improves as walking continues	CUI=C2141909	PREF=left heel pain worst with first few steps improves as walking continues
left little toe joint pain worse while walking	CUI=C2108743	PREF=left little toe joint pain worse while walking
left middle toe joint pain worse while walking	CUI=C2108750	PREF=left middle toe joint pain worse while walking
left second toe joint pain worse while walking	CUI=C2108757	PREF=left second toe joint pain worse while walking
Limited walking abilities	CUI=C2674459	PREF=Limited walking abilities
Limited Walking Ability	CUI=C2674459	PREF=Limited Walking Ability
Limited Walking Ability	CUI=C2674459	PREF=Limited Walking Ability
Loan of walking stick	CUI=C0419229	PREF=Loan of walking stick
Loan of walking stick (procedure)	CUI=C0419229	PREF=Loan of walking stick (procedure)
Loss of control of walking	CUI=C0522042	PREF=Loss of control of walking
Loss of control of walking (finding)	CUI=C0522042	PREF=Loss of control of walking (finding)
Loss of independent walking by teenage years (in some)	CUI=C3552048	PREF=Loss of independent walking by teenage years (in some)
lower back pain radiating to legs when walking	CUI=C2127471	PREF=lower back pain radiating to legs when walking
lower back pain radiating to legs when walking (symptom)	CUI=C2127471	PREF=lower back pain radiating to legs when walking (symptom)
lower back pain relieved by movement walking	CUI=C2128534	PREF=lower back pain relieved by movement walking
lower back pain relieved by movement walking (symptom)	CUI=C2128534	PREF=lower back pain relieved by movement walking (symptom)
lower back pain relieved by walking	CUI=C2128534	PREF=lower back pain relieved by walking
lower back pain unchanged when walking	CUI=C2130111	PREF=lower back pain unchanged when walking
lower back pain unchanged with walking	CUI=C2130111	PREF=lower back pain unchanged with walking
lower back pain unchanged with walking (symptom)	CUI=C2130111	PREF=lower back pain unchanged with walking (symptom)
lower back pain worse with walking	CUI=C2126077	PREF=lower back pain worse with walking
lower back pain worsens with walking	CUI=C2126077	PREF=lower back pain worsens with walking
lower back pain worsens with walking (symptom)	CUI=C2126077	PREF=lower back pain worsens with walking (symptom)
lower leg pain subsides when walking stops	CUI=C3693869	PREF=lower leg pain subsides when walking stops
lower leg pain subsides when walking stops (symptom)	CUI=C3693869	PREF=lower leg pain subsides when walking stops (symptom)
Manner of walking	CUI=C0016928	PREF=Manner of walking
Manner of walking, NOS	CUI=C0016928	PREF=Manner of walking, NOS
midback pain unchanged with walking	CUI=C2130086	PREF=midback pain unchanged with walking
midback pain unchanged with walking (symptom)	CUI=C2130086	PREF=midback pain unchanged with walking (symptom)
midback pain worse with walking	CUI=C2129250	PREF=midback pain worse with walking
midback pain worsens with walking	CUI=C2129250	PREF=midback pain worsens with walking
midback pain worsens with walking (symptom)	CUI=C2129250	PREF=midback pain worsens with walking (symptom)
Mobility; walking and moving around	CUI=C4035659	PREF=Mobility; walking and moving around
Needs walking aid in home	CUI=C0425249	PREF=Needs walking aid in home
Needs walking aid in home (finding)	CUI=C0425249	PREF=Needs walking aid in home (finding)
No aid for walking	CUI=C0429988	PREF=No aid for walking
No aid for walking (finding)	CUI=C0429988	PREF=No aid for walking (finding)
No walking	CUI=C4314710	PREF=No walking
non-joint foot pain feels like walking on a pebble	CUI=C2126203	PREF=non-joint foot pain feels like walking on a pebble
non-joint foot pain worse while walking	CUI=C2128661	PREF=non-joint foot pain worse while walking
Non-rapid eye movement sleep arousal disorders, sleepwalking type	CUI=C4237225	PREF=Non-rapid eye movement sleep arousal disorders, sleepwalking type
nonorganic sleepwalking disorder	CUI=C0037672	PREF=nonorganic sleepwalking disorder
nonorganic sleepwalking disorder (diagnosis)	CUI=C0037672	PREF=nonorganic sleepwalking disorder (diagnosis)
Normal eyes closed straight line walking test	CUI=C0522234	PREF=Normal eyes closed straight line walking test
Normal eyes closed straight line walking test (finding)	CUI=C0522234	PREF=Normal eyes closed straight line walking test (finding)
Normal straight line walking test	CUI=C0522231	PREF=Normal straight line walking test
Normal straight line walking test (finding)	CUI=C0522231	PREF=Normal straight line walking test (finding)
Observable feature of walking	CUI=C1286274	PREF=Observable feature of walking
Observable feature of walking (observable entity)	CUI=C1286274	PREF=Observable feature of walking (observable entity)
Observation of turning balance when walking	CUI=C0575086	PREF=Observation of turning balance when walking
Observation of walking	CUI=C0584814	PREF=Observation of walking
Observation of walking balance	CUI=C0575085	PREF=Observation of walking balance
Occasional freezing when walking	CUI=C4035416	PREF=Occasional freezing when walking
Occurs when walking	CUI=C4296956	PREF=Occurs when walking
Only walking achieved	CUI=C3278694	PREF=Only walking achieved
Other walking aid	CUI=C0429992	PREF=Other walking aid
Other walking aid (finding)	CUI=C0429992	PREF=Other walking aid (finding)
pain above heel worse with walking	CUI=C2016414	PREF=pain above heel worse with walking
pain above heel worse with walking (symptom)	CUI=C2016414	PREF=pain above heel worse with walking (symptom)
pain in calves of both legs worse with walking	CUI=C3161660	PREF=pain in calves of both legs worse with walking
pain in calves of both legs worse with walking (symptom)	CUI=C3161660	PREF=pain in calves of both legs worse with walking (symptom)
pain in left heel worse with first steps improves as walking continues	CUI=C2141909	PREF=pain in left heel worse with first steps improves as walking continues
pain in left heel worse with first steps improves as walking continues (symptom)	CUI=C2141909	PREF=pain in left heel worse with first steps improves as walking continues (symptom)
pain in right heel worse with first steps improves as walking continues	CUI=C2202095	PREF=pain in right heel worse with first steps improves as walking continues
pain in right heel worse with first steps improves as walking continues (symptom)	CUI=C2202095	PREF=pain in right heel worse with first steps improves as walking continues (symptom)
pain in the feet feels like walking on a pebble	CUI=C2126203	PREF=pain in the feet feels like walking on a pebble
pain in the feet worsens with weightbearing walking	CUI=C2128661	PREF=pain in the feet worsens with weightbearing walking
pain interfering with usual activity walking ability	CUI=C4295162	PREF=pain interfering with usual activity walking ability
pain interfering with usual activity walking ability	CUI=C4295162	PREF=pain interfering with usual activity walking ability
pain interfering with usual activity walking ability (symptom)	CUI=C4295162	PREF=pain interfering with usual activity walking ability (symptom)
pain interfering with usual activity walking ability (symptom)	CUI=C4295162	PREF=pain interfering with usual activity walking ability (symptom)
Pain provoked by walking	CUI=C1960732	PREF=Pain provoked by walking
Pain provoked by walking (finding)	CUI=C1960732	PREF=Pain provoked by walking (finding)
Pain relief by walking	CUI=C1997791	PREF=Pain relief by walking
Pain relief by walking (finding)	CUI=C1997791	PREF=Pain relief by walking (finding)
physical activity restrictions limited walking only	CUI=C2065157	PREF=physical activity restrictions limited walking only
physical activity restrictions limited walking only (treatment)	CUI=C2065157	PREF=physical activity restrictions limited walking only (treatment)
physical disability: unable to initiate walking	CUI=C0560088	PREF=physical disability: unable to initiate walking
Poor or absent independent walking	CUI=C4015325	PREF=Poor or absent independent walking
Poor or absent walking	CUI=C4540194	PREF=Poor or absent walking
Primary walking reaction	CUI=C0422899	PREF=Primary walking reaction
Primary walking reaction - finding	CUI=C1287759	PREF=Primary walking reaction - finding
Primary walking reaction (observable entity)	CUI=C0422899	PREF=Primary walking reaction (observable entity)
Primary walking reaction absent	CUI=C0576521	PREF=Primary walking reaction absent
Primary walking reaction absent (finding)	CUI=C0576521	PREF=Primary walking reaction absent (finding)
Primary walking reaction equivocal	CUI=C0576522	PREF=Primary walking reaction equivocal
Primary walking reaction equivocal (finding)	CUI=C0576522	PREF=Primary walking reaction equivocal (finding)
Primary walking reaction present	CUI=C0576520	PREF=Primary walking reaction present
Primary walking reaction present (finding)	CUI=C0576520	PREF=Primary walking reaction present (finding)
Promoting walking using device	CUI=C3650921	PREF=Promoting walking using device
Repetitive tiptoe walking	CUI=C0562480	PREF=Repetitive tiptoe walking
Repetitive tiptoe walking (finding)	CUI=C0562480	PREF=Repetitive tiptoe walking (finding)
Retropulsion when walking	CUI=C0427161	PREF=Retropulsion when walking
Retropulsion when walking (finding)	CUI=C0427161	PREF=Retropulsion when walking (finding)
right arm swing decreased while walking	CUI=C2200725	PREF=right arm swing decreased while walking
right arm swing decreased while walking (physical finding)	CUI=C2200725	PREF=right arm swing decreased while walking (physical finding)
right arm swing increased while walking	CUI=C2200726	PREF=right arm swing increased while walking
right arm swing increased while walking (physical finding)	CUI=C2200726	PREF=right arm swing increased while walking (physical finding)
right arm swing while walking	CUI=C2197398	PREF=right arm swing while walking
right arm swing while walking (physical finding)	CUI=C2197398	PREF=right arm swing while walking (physical finding)
right foot turned in while walking	CUI=C2128594	PREF=right foot turned in while walking
right foot turned in while walking (symptom)	CUI=C2128594	PREF=right foot turned in while walking (symptom)
right foot turns out while walking	CUI=C2128590	PREF=right foot turns out while walking
right foot turns out while walking (symptom)	CUI=C2128590	PREF=right foot turns out while walking (symptom)
right fourth toe joint pain worse while walking	CUI=C2108764	PREF=right fourth toe joint pain worse while walking
right great toe joint pain worse while walking	CUI=C2108772	PREF=right great toe joint pain worse while walking
right heel pain worst with first few steps improves as walking continues	CUI=C2202095	PREF=right heel pain worst with first few steps improves as walking continues
right little toe joint pain worse while walking	CUI=C2108779	PREF=right little toe joint pain worse while walking
right middle toe joint pain worse while walking	CUI=C2108786	PREF=right middle toe joint pain worse while walking
right second toe joint pain worse while walking	CUI=C2108793	PREF=right second toe joint pain worse while walking
Severe disturbance of walking, requiring assistance	CUI=C4035412	PREF=Severe disturbance of walking, requiring assistance
Stiffness while walking	CUI=C1858481	PREF=Stiffness while walking
Straight line walking	CUI=C0522230	PREF=Straight line walking
Straight line walking test	CUI=C0522230	PREF=Straight line walking test
Straight line walking test (procedure)	CUI=C0522230	PREF=Straight line walking test (procedure)
Straight line walking test, NOS	CUI=C0522230	PREF=Straight line walking test, NOS
straight-line walking test	CUI=C0522230	PREF=straight-line walking test
straight-line walking test (physical finding)	CUI=C0522230	PREF=straight-line walking test (physical finding)
Symptoms Interfered with Walking	CUI=C4283795	PREF=Symptoms Interfered with Walking
Tennessee walking horse	CUI=C0324188	PREF=Tennessee walking horse
Tennessee walking horse (organism)	CUI=C0324188	PREF=Tennessee walking horse (organism)
the foot is turned in while walking	CUI=C2128593	PREF=the foot is turned in while walking
the foot turns out while walking	CUI=C2128589	PREF=the foot turns out while walking
the goal is to improve walking ability	CUI=C2014544	PREF=the goal is to improve walking ability
the goal is to improve walking ability	CUI=C2014544	PREF=the goal is to improve walking ability
the left foot is turned in while walking	CUI=C2128595	PREF=the left foot is turned in while walking
the left foot turns out while walking	CUI=C2128591	PREF=the left foot turns out while walking
the right foot is turned in while walking	CUI=C2128594	PREF=the right foot is turned in while walking
the right foot turns out while walking	CUI=C2128590	PREF=the right foot turns out while walking
thigh pain radiates down leg subsides when walking stops	CUI=C2032483	PREF=thigh pain radiates down leg subsides when walking stops
thigh pain radiates down leg subsides when walking stops (symptom)	CUI=C2032483	PREF=thigh pain radiates down leg subsides when walking stops (symptom)
thigh pain radiating down the leg subsides when walking stops	CUI=C2032483	PREF=thigh pain radiating down the leg subsides when walking stops
thigh pain worse with walking	CUI=C2032482	PREF=thigh pain worse with walking
thigh pain worse with walking (symptom)	CUI=C2032482	PREF=thigh pain worse with walking (symptom)
toe walking	CUI=C0427144	PREF=toe walking
Toe-walking	CUI=C0427144	PREF=Toe-walking
Toe-walking gait	CUI=C0427144	PREF=Toe-walking gait
Toe-walking gait (finding)	CUI=C0427144	PREF=Toe-walking gait (finding)
toe-walking gait (physical finding)	CUI=C0427144	PREF=toe-walking gait (physical finding)
Toe-walking in early childhood	CUI=C2751832	PREF=Toe-walking in early childhood
Unable to initiate walking	CUI=C0560088	PREF=Unable to initiate walking
Unable to initiate walking (finding)	CUI=C0560088	PREF=Unable to initiate walking (finding)
Unable to initiate walking (history)	CUI=C0560088	PREF=Unable to initiate walking (history)
Unable to start and stop walking spontaneously	CUI=C0560100	PREF=Unable to start and stop walking spontaneously
Unable to start and stop walking spontaneously (finding)	CUI=C0560100	PREF=Unable to start and stop walking spontaneously (finding)
Unable to stop walking	CUI=C0560094	PREF=Unable to stop walking
Unable to stop walking (finding)	CUI=C0560094	PREF=Unable to stop walking (finding)
Unlimited Walking Ability	CUI=C4049610	PREF=Unlimited Walking Ability
Unlimited Walking Ability	CUI=C4049610	PREF=Unlimited Walking Ability
Unsteady when walking	CUI=C0231686	PREF=Unsteady when walking
Unsteady when walking (finding)	CUI=C0231686	PREF=Unsteady when walking (finding)
upper back pain unchanged with walking	CUI=C2130063	PREF=upper back pain unchanged with walking
upper back pain unchanged with walking (symptom)	CUI=C2130063	PREF=upper back pain unchanged with walking (symptom)
upper back pain worse with walking	CUI=C2129233	PREF=upper back pain worse with walking
upper back pain worse with walking (symptom)	CUI=C2129233	PREF=upper back pain worse with walking (symptom)
Uses single crutch for walking	CUI=C2733586	PREF=Uses single crutch for walking
Uses single crutch for walking (finding)	CUI=C2733586	PREF=Uses single crutch for walking (finding)
Uses single walking stick	CUI=C2733264	PREF=Uses single walking stick
Uses single walking stick (finding)	CUI=C2733264	PREF=Uses single walking stick (finding)
Uses two crutches for walking	CUI=C2732448	PREF=Uses two crutches for walking
Uses two crutches for walking (finding)	CUI=C2732448	PREF=Uses two crutches for walking (finding)
Uses two walking sticks	CUI=C2732847	PREF=Uses two walking sticks
Uses two walking sticks (finding)	CUI=C2732847	PREF=Uses two walking sticks (finding)
Uses walking aid when standing alone	CUI=C4304285	PREF=Uses walking aid when standing alone
Uses walking assistance device when standing alone	CUI=C4304285	PREF=Uses walking assistance device when standing alone
Walking	CUI=C0080331	PREF=Walking
walking	CUI=C2346415	PREF=walking
walking	CUI=C2368355	PREF=walking
Walking - briskly	CUI=C3842682	PREF=Walking - briskly
Walking - long distance - confidence	CUI=C3258314	PREF=Walking - long distance - confidence
Walking - long distance - confidence - score	CUI=C3258315	PREF=Walking - long distance - confidence - score
Walking - long distance - confidence - score change	CUI=C3258316	PREF=Walking - long distance - confidence - score change
Walking - long distance - difficulty	CUI=C3258317	PREF=Walking - long distance - difficulty
Walking - long distance - difficulty - score	CUI=C3258318	PREF=Walking - long distance - difficulty - score
Walking - long distance - difficulty - score change	CUI=C3258319	PREF=Walking - long distance - difficulty - score change
walking - neurological symptom	CUI=C2368355	PREF=walking - neurological symptom
Walking - outdoors - confidence	CUI=C3258320	PREF=Walking - outdoors - confidence
Walking - outdoors - confidence - score	CUI=C3258321	PREF=Walking - outdoors - confidence - score
Walking - outdoors - confidence - score change	CUI=C3258322	PREF=Walking - outdoors - confidence - score change
Walking - outdoors - difficulty	CUI=C3258323	PREF=Walking - outdoors - difficulty
Walking - outdoors - difficulty - score	CUI=C3258324	PREF=Walking - outdoors - difficulty - score
Walking - outdoors - difficulty - score change	CUI=C3258325	PREF=Walking - outdoors - difficulty - score change
Walking - short distance - confidence	CUI=C3258326	PREF=Walking - short distance - confidence
Walking - short distance - confidence - score	CUI=C3258327	PREF=Walking - short distance - confidence - score
Walking - short distance - confidence - score change	CUI=C3258328	PREF=Walking - short distance - confidence - score change
Walking - short distance - difficulty	CUI=C3258329	PREF=Walking - short distance - difficulty
Walking - short distance - difficulty - score	CUI=C3258330	PREF=Walking - short distance - difficulty - score
Walking - short distance - difficulty - score change	CUI=C3258331	PREF=Walking - short distance - difficulty - score change
Walking (activity)	CUI=C0080331	PREF=Walking (activity)
Walking (function)	CUI=C0080331	PREF=Walking (function)
walking (history)	CUI=C2346415	PREF=walking (history)
Walking (observable entity)	CUI=C0080331	PREF=Walking (observable entity)
walking (symptom)	CUI=C2368355	PREF=walking (symptom)
Walking ability	CUI=C0559964	PREF=Walking ability
Walking aid	CUI=C0557834	PREF=Walking aid
Walking aid (physical object)	CUI=C0557834	PREF=Walking aid (physical object)
Walking aid handgrip	CUI=C3879367	PREF=Walking aid handgrip
Walking aid use	CUI=C0429987	PREF=Walking aid use
Walking aid use - finding	CUI=C1286783	PREF=Walking aid use - finding
Walking aid use (observable entity)	CUI=C0429987	PREF=Walking aid use (observable entity)
Walking and moving around	CUI=C4035666	PREF=Walking and moving around
Walking around the home	CUI=C3843054	PREF=Walking around the home
Walking assistive device	CUI=C3874140	PREF=Walking assistive device
Walking assistive device (physical object)	CUI=C3874140	PREF=Walking assistive device (physical object)
Walking difficulties	CUI=C0311394	PREF=Walking difficulties
WALKING DIFFICULTY	CUI=C0311394	PREF=WALKING DIFFICULTY
Walking difficulty due to ankle and foot	CUI=C0424877	PREF=Walking difficulty due to ankle and foot
Walking difficulty due to ankle and foot (finding)	CUI=C0424877	PREF=Walking difficulty due to ankle and foot (finding)
Walking difficulty due to lower leg	CUI=C0424876	PREF=Walking difficulty due to lower leg
Walking difficulty due to lower leg (finding)	CUI=C0424876	PREF=Walking difficulty due to lower leg (finding)
Walking difficulty due to multiple sites	CUI=C0424879	PREF=Walking difficulty due to multiple sites
Walking difficulty due to multiple sites (finding)	CUI=C0424879	PREF=Walking difficulty due to multiple sites (finding)
Walking difficulty due to other specified site	CUI=C0424878	PREF=Walking difficulty due to other specified site
Walking difficulty due to other specified site (finding)	CUI=C0424878	PREF=Walking difficulty due to other specified site (finding)
Walking difficulty due to pelvic region and thigh	CUI=C0424875	PREF=Walking difficulty due to pelvic region and thigh
Walking difficulty due to pelvic region and thigh (finding)	CUI=C0424875	PREF=Walking difficulty due to pelvic region and thigh (finding)
Walking difficulty due to unspecified site	CUI=C0424874	PREF=Walking difficulty due to unspecified site
Walking difficulty due to unspecified site (finding)	CUI=C0424874	PREF=Walking difficulty due to unspecified site (finding)
Walking difficulty-ankle/foot	CUI=C0424877	PREF=Walking difficulty-ankle/foot
Walking difficulty-lower leg	CUI=C0424876	PREF=Walking difficulty-lower leg
Walking difficulty-multip.site	CUI=C0424879	PREF=Walking difficulty-multip.site
Walking difficulty-other spec.	CUI=C0424878	PREF=Walking difficulty-other spec.
Walking difficulty-site unspec	CUI=C0424874	PREF=Walking difficulty-site unspec
Walking disability	CUI=C0311394	PREF=Walking disability
Walking disability (finding)	CUI=C0311394	PREF=Walking disability (finding)
Walking distance	CUI=C0429886	PREF=Walking distance
Walking distance - finding	CUI=C1286400	PREF=Walking distance - finding
Walking distance (observable entity)	CUI=C0429886	PREF=Walking distance (observable entity)
Walking distance reduced	CUI=C0424550	PREF=Walking distance reduced
Walking distance reduced (finding)	CUI=C0424550	PREF=Walking distance reduced (finding)
Walking distance:	CUI=C0429886	PREF=Walking distance:
Walking during slow-wave sleep (sleepwalking)	CUI=C3151365	PREF=Walking during slow-wave sleep (sleepwalking)
Walking exercise test	CUI=C0430506	PREF=Walking exercise test
Walking exercise test (procedure)	CUI=C0430506	PREF=Walking exercise test (procedure)
Walking frame	CUI=C0438860	PREF=Walking frame
Walking frame (physical object)	CUI=C0438860	PREF=Walking frame (physical object)
Walking may be limited	CUI=C1850682	PREF=Walking may be limited
Walking on tiptoes	CUI=C1843570	PREF=Walking on tiptoes
Walking on toes	CUI=C0427144	PREF=Walking on toes
Walking outside on the level	CUI=C3843053	PREF=Walking outside on the level
Walking physical activity	CUI=C4482416	PREF=Walking physical activity
Walking physical activity [Calculated]	CUI=C4482415	PREF=Walking physical activity [Calculated]
Walking scale	CUI=C4034325	PREF=Walking scale
Walking scale [UPDRS]	CUI=C4036695	PREF=Walking scale [UPDRS]
Walking scale UPDRS	CUI=C4036695	PREF=Walking scale UPDRS
Walking speed	CUI=C2009910	PREF=Walking speed
Walking stick	CUI=C0006856	PREF=Walking stick
Walking stick (physical object)	CUI=C0006856	PREF=Walking stick (physical object)
Walking up 10 steps PhenX	CUI=C3259182	PREF=Walking up 10 steps PhenX
Walking up 20 Stairs Without Stopping	CUI=C4050472	PREF=Walking up 20 Stairs Without Stopping
Walking up a flight of stairs	CUI=C3843052	PREF=Walking up a flight of stairs
Walking up hills	CUI=C0580812	PREF=Walking up hills
Walking when most self sufficient	CUI=C1718505	PREF=Walking when most self sufficient
Walking when most self sufficient Set	CUI=C1717121	PREF=Walking when most self sufficient Set
Walking with assistance	CUI=C1961026	PREF=Walking with assistance
walking with short steps	CUI=C2202800	PREF=walking with short steps
walking with short steps (symptom)	CUI=C2202800	PREF=walking with short steps (symptom)
Walking, function (observable entity)	CUI=C0080331	PREF=Walking, function (observable entity)
Walking, NOS	CUI=C0080331	PREF=Walking, NOS
weakness in leg after walking	CUI=C2128575	PREF=weakness in leg after walking
weakness in leg after walking (symptom)	CUI=C2128575	PREF=weakness in leg after walking (symptom)
Wheelchair crutch/walking stick holder	CUI=C3879133	PREF=Wheelchair crutch/walking stick holder
Wheelchair crutch/walking stick holder (physical object)	CUI=C3879133	PREF=Wheelchair crutch/walking stick holder (physical object)
Wheeled walking frame	CUI=C0184339	PREF=Wheeled walking frame
Wheeled walking frame (physical object)	CUI=C0184339	PREF=Wheeled walking frame (physical object)
