C3714787	Central nerv system structure
C3714787	Central nervous system
C3714787	Central nervous system structure
C3714787	Central nervous system structure (body structure)
C1527347	Difficulty speaking
C1527347	Difficulty speaking (disorder)
C1527347	Difficulty speaking (finding)
C0564257	Difficulty speaking at normal rate
C0564257	Difficulty speaking at normal rate (finding)
C2751412	Difficulty speaking during seizures
C0564245	Difficulty speaking fluently
C0564245	Difficulty speaking fluently (finding)
C0564251	Difficulty speaking intelligibly
C0564251	Difficulty speaking intelligibly (finding)
C1527347	Disorder of speech
C1527347	Disorder of speech
C0042940	Disorder of voice
C0042940	Disorder of voice
C0264600	disorder speech and language neurologic voice
C1527344	Dysphonia
C1527344	Dysphonia (finding)
C1527344	dysphonia (physical finding)
C1527344	Dysphonia, NOS
C0264588	Dysphonia, spasmodic
C0743332	Dystonia, focal
C0743332	Focal dystonia
C0743332	Focal dystonia (disorder)
C0264600	Neurologic dysphonia
C0264600	Neurologic dysphonia, NOS
C0264600	Neurologic voice disorder
C0264600	Neurologic voice disorder (diagnosis)
C0264600	Neurologic voice disorder (disorder)
C0264588	Spasmodic dysphonia
C0264588	Spastic dysphonia
C0264588	Spastic dysphonia (disorder)
C0264588	spastic dysphonia (physical finding)
C0264588	spastic dysphonia was observed
C0270814	Spastic syndrome
C0270814	Spastic syndrome (disorder)
C1527347	Speech disorder
C1527344	speech phonation dysphonia
C0264588	speech phonation spastic
C0042940	Voice disorder
C0042940	Voice disorder, NOS
C0042940	Voice Disorders
C0042940	Voice impairment
C0042940	Voice impairment, NOS
